Archive member included because of file (symbol)

c:/users/leo/mentorgraphics/sourcery_codebench_lite_for_arm_eabi/bin/../lib/gcc/arm-none-eabi/4.8.1/../../../../arm-none-eabi/lib/thumb2\libm.a(lib_a-s_ceil.o)
                              ..\obj\instance.o (ceil)
c:/users/leo/mentorgraphics/sourcery_codebench_lite_for_arm_eabi/bin/../lib/gcc/arm-none-eabi/4.8.1/thumb2\libgcc.a(_arm_addsubdf3.o)
                              ..\obj\instance_common.o (__aeabi_dsub)
c:/users/leo/mentorgraphics/sourcery_codebench_lite_for_arm_eabi/bin/../lib/gcc/arm-none-eabi/4.8.1/thumb2\libgcc.a(_arm_muldivdf3.o)
                              ..\obj\instance_common.o (__aeabi_dmul)
c:/users/leo/mentorgraphics/sourcery_codebench_lite_for_arm_eabi/bin/../lib/gcc/arm-none-eabi/4.8.1/thumb2\libgcc.a(_arm_cmpdf2.o)
                              ..\obj\instance_common.o (__aeabi_dcmplt)
c:/users/leo/mentorgraphics/sourcery_codebench_lite_for_arm_eabi/bin/../lib/gcc/arm-none-eabi/4.8.1/thumb2\libgcc.a(_arm_fixdfsi.o)
                              ..\obj\main.o (__aeabi_d2iz)
c:/users/leo/mentorgraphics/sourcery_codebench_lite_for_arm_eabi/bin/../lib/gcc/arm-none-eabi/4.8.1/thumb2\libgcc.a(_arm_truncdfsf2.o)
                              ..\obj\instance_common.o (__aeabi_d2f)
c:/users/leo/mentorgraphics/sourcery_codebench_lite_for_arm_eabi/bin/../lib/gcc/arm-none-eabi/4.8.1/thumb2\libgcc.a(_arm_addsubsf3.o)
                              ..\obj\instance.o (__aeabi_fadd)
c:/users/leo/mentorgraphics/sourcery_codebench_lite_for_arm_eabi/bin/../lib/gcc/arm-none-eabi/4.8.1/thumb2\libgcc.a(_arm_muldivsf3.o)
                              ..\obj\instance.o (__aeabi_fmul)
c:/users/leo/mentorgraphics/sourcery_codebench_lite_for_arm_eabi/bin/../lib/gcc/arm-none-eabi/4.8.1/thumb2\libgcc.a(_arm_fixsfsi.o)
                              ..\obj\instance.o (__aeabi_f2iz)
c:/users/leo/mentorgraphics/sourcery_codebench_lite_for_arm_eabi/bin/../lib/gcc/arm-none-eabi/4.8.1/thumb2\libgcc.a(_fixunsdfdi.o)
                              ..\obj\instance_common.o (__aeabi_d2ulz)
c:/users/leo/mentorgraphics/sourcery_codebench_lite_for_arm_eabi/bin/../lib/gcc/arm-none-eabi/4.8.1/thumb2\libgcc.a(_arm_fixunsdfsi.o)
                              c:/users/leo/mentorgraphics/sourcery_codebench_lite_for_arm_eabi/bin/../lib/gcc/arm-none-eabi/4.8.1/thumb2\libgcc.a(_fixunsdfdi.o) (__aeabi_d2uiz)
c:/users/leo/mentorgraphics/sourcery_codebench_lite_for_arm_eabi/bin/../lib/gcc/arm-none-eabi/4.8.1/../../../../arm-none-eabi/lib/thumb2\libc.a(lib_a-clock.o)
                              ..\obj\unistd.o (clock)
c:/users/leo/mentorgraphics/sourcery_codebench_lite_for_arm_eabi/bin/../lib/gcc/arm-none-eabi/4.8.1/../../../../arm-none-eabi/lib/thumb2\libc.a(lib_a-impure.o)
                              c:/users/leo/mentorgraphics/sourcery_codebench_lite_for_arm_eabi/bin/../lib/gcc/arm-none-eabi/4.8.1/../../../../arm-none-eabi/lib/thumb2\libc.a(lib_a-clock.o) (_impure_ptr)
c:/users/leo/mentorgraphics/sourcery_codebench_lite_for_arm_eabi/bin/../lib/gcc/arm-none-eabi/4.8.1/../../../../arm-none-eabi/lib/thumb2\libc.a(lib_a-init.o)
                              ..\obj\startup_stm32f10x_cl.o (__libc_init_array)
c:/users/leo/mentorgraphics/sourcery_codebench_lite_for_arm_eabi/bin/../lib/gcc/arm-none-eabi/4.8.1/../../../../arm-none-eabi/lib/thumb2\libc.a(lib_a-memcpy-stub.o)
                              ..\obj\instance_common.o (memcpy)
c:/users/leo/mentorgraphics/sourcery_codebench_lite_for_arm_eabi/bin/../lib/gcc/arm-none-eabi/4.8.1/../../../../arm-none-eabi/lib/thumb2\libc.a(lib_a-memset.o)
                              ..\obj\instance_common.o (memset)
c:/users/leo/mentorgraphics/sourcery_codebench_lite_for_arm_eabi/bin/../lib/gcc/arm-none-eabi/4.8.1/../../../../arm-none-eabi/lib/thumb2\libc.a(lib_a-puts.o)
                              ..\obj\deca_device.o (puts)
c:/users/leo/mentorgraphics/sourcery_codebench_lite_for_arm_eabi/bin/../lib/gcc/arm-none-eabi/4.8.1/../../../../arm-none-eabi/lib/thumb2\libc.a(lib_a-reent.o)
                              ..\obj\syscalls.o (errno)
c:/users/leo/mentorgraphics/sourcery_codebench_lite_for_arm_eabi/bin/../lib/gcc/arm-none-eabi/4.8.1/../../../../arm-none-eabi/lib/thumb2\libc.a(lib_a-sprintf.o)
                              ..\obj\main.o (sprintf)
c:/users/leo/mentorgraphics/sourcery_codebench_lite_for_arm_eabi/bin/../lib/gcc/arm-none-eabi/4.8.1/../../../../arm-none-eabi/lib/thumb2\libc.a(lib_a-strlen.o)
                              c:/users/leo/mentorgraphics/sourcery_codebench_lite_for_arm_eabi/bin/../lib/gcc/arm-none-eabi/4.8.1/../../../../arm-none-eabi/lib/thumb2\libc.a(lib_a-puts.o) (strlen)
c:/users/leo/mentorgraphics/sourcery_codebench_lite_for_arm_eabi/bin/../lib/gcc/arm-none-eabi/4.8.1/../../../../arm-none-eabi/lib/thumb2\libc.a(lib_a-svfprintf.o)
[...]
Memory Configuration

Name             Origin             Length             Attributes
FLASH            0x08000000         0x00040000         xr
RAM              0x20000000         0x00010000         xrw
MEMORY_B1        0x60000000         0x00000000         xr
*default*        0x00000000         0xffffffff

Linker script and memory map

LOAD c:/users/leo/mentorgraphics/sourcery_codebench_lite_for_arm_eabi/bin/../lib/gcc/arm-none-eabi/4.8.1/thumb2/crti.o
LOAD c:/users/leo/mentorgraphics/sourcery_codebench_lite_for_arm_eabi/bin/../lib/gcc/arm-none-eabi/4.8.1/thumb2/crtbegin.o
                0x20010000                _estack = 0x20010000
                0x00000400                _Min_Heap_Size = 0x400
                0x00000400                _Min_Stack_Size = 0x400

.isr_vector     0x08000000      0x1e4
                0x08000000                . = ALIGN (0x4)
 *(.isr_vector)
 .isr_vector    0x08000000      0x1e4 ..\obj\startup_stm32f10x_cl.o
                0x08000000                g_pfnVectors
                0x080001e4                . = ALIGN (0x4)

.text           0x080001e8    0x12cac
                0x080001e8                . = ALIGN (0x4)
 *(.text)
 .text          0x080001e8       0xc8 c:/users/leo/mentorgraphics/sourcery_codebench_lite_for_arm_eabi/bin/../lib/gcc/arm-none-eabi/4.8.1/thumb2/crtbegin.o
 .text          0x080002b0      0x120 c:/users/leo/mentorgraphics/sourcery_codebench_lite_for_arm_eabi/bin/../lib/gcc/arm-none-eabi/4.8.1/../../../../arm-none-eabi/lib/thumb2\libm.a(lib_a-s_ceil.o)
                0x080002b0                ceil
 .text          0x080003d0      0x370 c:/users/leo/mentorgraphics/sourcery_codebench_lite_for_arm_eabi/bin/../lib/gcc/arm-none-eabi/4.8.1/thumb2\libgcc.a(_arm_addsubdf3.o)
                0x080003d0                __aeabi_drsub
                0x080003d8                __aeabi_dsub
                0x080003d8                __subdf3
                0x080003dc                __aeabi_dadd
                0x080003dc                __adddf3
                0x08000654                __floatunsidf
                0x08000654                __aeabi_ui2d
                0x08000674                __floatsidf
                0x08000674                __aeabi_i2d
                0x08000698                __aeabi_f2d
                0x08000698                __extendsfdf2
                0x080006d4                __floatundidf
                0x080006d4                __aeabi_ul2d
                0x080006e4                __floatdidf
                0x080006e4                __aeabi_l2d
 .text          0x08000740      0x424 c:/users/leo/mentorgraphics/sourcery_codebench_lite_for_arm_eabi/bin/../lib/gcc/arm-none-eabi/4.8.1/thumb2\libgcc.a(_arm_muldivdf3.o)
                0x08000740                __aeabi_dmul
                0x08000740                __muldf3
                0x08000994                __divdf3
                0x08000994                __aeabi_ddiv
 .text          0x08000b64      0x110 c:/users/leo/mentorgraphics/sourcery_codebench_lite_for_arm_eabi/bin/../lib/gcc/arm-none-eabi/4.8.1/thumb2\libgcc.a(_arm_cmpdf2.o)
                0x08000b64                __gtdf2
                0x08000b64                __gedf2
                0x08000b6c                __ltdf2
                0x08000b6c                __ledf2
                0x08000b74                __nedf2
                0x08000b74                __eqdf2
                0x08000b74                __cmpdf2
                0x08000bf0                __aeabi_cdrcmple
                0x08000c00                __aeabi_cdcmpeq
                0x08000c00                __aeabi_cdcmple
                0x08000c10                __aeabi_dcmpeq
                0x08000c24                __aeabi_dcmplt
                0x08000c38                __aeabi_dcmple
                0x08000c4c                __aeabi_dcmpge
                0x08000c60                __aeabi_dcmpgt
 .text          0x08000c74       0x50 c:/users/leo/mentorgraphics/sourcery_codebench_lite_for_arm_eabi/bin/../lib/gcc/arm-none-eabi/4.8.1/thumb2\libgcc.a(_arm_fixdfsi.o)
                0x08000c74                __aeabi_d2iz
                0x08000c74                __fixdfsi
 .text          0x08000cc4       0xa0 c:/users/leo/mentorgraphics/sourcery_codebench_lite_for_arm_eabi/bin/../lib/gcc/arm-none-eabi/4.8.1/thumb2\libgcc.a(_arm_truncdfsf2.o)
                0x08000cc4                __truncdfsf2
                0x08000cc4                __aeabi_d2f
 .text          0x08000d64      0x21c c:/users/leo/mentorgraphics/sourcery_codebench_lite_for_arm_eabi/bin/../lib/gcc/arm-none-eabi/4.8.1/thumb2\libgcc.a(_arm_addsubsf3.o)
                0x08000d64                __aeabi_frsub
                0x08000d6c                __subsf3
                0x08000d6c                __aeabi_fsub
                0x08000d70                __aeabi_fadd
                0x08000d70                __addsf3
                0x08000ed0                __aeabi_ui2f
                0x08000ed0                __floatunsisf
                0x08000ed8                __aeabi_i2f
                0x08000ed8                __floatsisf
                0x08000ef4                __aeabi_ul2f
                0x08000ef4                __floatundisf
                0x08000f04                __aeabi_l2f
                0x08000f04                __floatdisf
 .text          0x08000f80      0x2a0 c:/users/leo/mentorgraphics/sourcery_codebench_lite_for_arm_eabi/bin/../lib/gcc/arm-none-eabi/4.8.1/thumb2\libgcc.a(_arm_muldivsf3.o)
                0x08000f80                __mulsf3
                0x08000f80                __aeabi_fmul
                0x080010e8                __aeabi_fdiv
                0x080010e8                __divsf3
 .text          0x08001220       0x4c c:/users/leo/mentorgraphics/sourcery_codebench_lite_for_arm_eabi/bin/../lib/gcc/arm-none-eabi/4.8.1/thumb2\libgcc.a(_arm_fixsfsi.o)
                0x08001220                __aeabi_f2iz
                0x08001220                __fixsfsi
 .text          0x0800126c       0x44 c:/users/leo/mentorgraphics/sourcery_codebench_lite_for_arm_eabi/bin/../lib/gcc/arm-none-eabi/4.8.1/thumb2\libgcc.a(_fixunsdfdi.o)
                0x0800126c                __fixunsdfdi
                0x0800126c                __aeabi_d2ulz
 .text          0x080012b0       0x40 c:/users/leo/mentorgraphics/sourcery_codebench_lite_for_arm_eabi/bin/../lib/gcc/arm-none-eabi/4.8.1/thumb2\libgcc.a(_arm_fixunsdfsi.o)
                0x080012b0                __aeabi_d2uiz
                0x080012b0                __fixunsdfsi
 .text          0x080012f0       0x2c c:/users/leo/mentorgraphics/sourcery_codebench_lite_for_arm_eabi/bin/../lib/gcc/arm-none-eabi/4.8.1/../../../../arm-none-eabi/lib/thumb2\libc.a(lib_a-clock.o)
                0x080012f0                clock
 .text          0x0800131c       0x5c c:/users/leo/mentorgraphics/sourcery_codebench_lite_for_arm_eabi/bin/../lib/gcc/arm-none-eabi/4.8.1/../../../../arm-none-eabi/lib/thumb2\libc.a(lib_a-init.o)
                0x0800131c                __libc_init_array
 .text          0x08001378       0xa8 c:/users/leo/mentorgraphics/sourcery_codebench_lite_for_arm_eabi/bin/../lib/gcc/arm-none-eabi/4.8.1/../../../../arm-none-eabi/lib/thumb2\libc.a(lib_a-memcpy-stub.o)
                0x08001378                memcpy
 .text          0x08001420       0xa0 c:/users/leo/mentorgraphics/sourcery_codebench_lite_for_arm_eabi/bin/../lib/gcc/arm-none-eabi/4.8.1/../../../../arm-none-eabi/lib/thumb2\libc.a(lib_a-memset.o)
                0x08001420                memset
 .text          0x080014c0       0x94 c:/users/leo/mentorgraphics/sourcery_codebench_lite_for_arm_eabi/bin/../lib/gcc/arm-none-eabi/4.8.1/../../../../arm-none-eabi/lib/thumb2\libc.a(lib_a-sprintf.o)
                0x080014c0                _sprintf_r
                0x08001504                sprintf
 .text          0x08001554       0x60 c:/users/leo/mentorgraphics/sourcery_codebench_lite_for_arm_eabi/bin/../lib/gcc/arm-none-eabi/4.8.1/../../../../arm-none-eabi/lib/thumb2\libc.a(lib_a-strlen.o)
                0x08001554                strlen
 .text          0x080015b4     0x14b4 c:/users/leo/mentorgraphics/sourcery_codebench_lite_for_arm_eabi/bin/../lib/gcc/arm-none-eabi/4.8.1/../../../../arm-none-eabi/lib/thumb2\libc.a(lib_a-svfprintf.o)
                0x080015b4                _svfprintf_r
 .text          0x08002a68     0x10d8 c:/users/leo/mentorgraphics/sourcery_codebench_lite_for_arm_eabi/bin/../lib/gcc/arm-none-eabi/4.8.1/../../../../arm-none-eabi/lib/thumb2\libc.a(lib_a-dtoa.o)
                0x08002bb4                _dtoa_r
 .text          0x08003b40      0x23c c:/users/leo/mentorgraphics/sourcery_codebench_lite_for_arm_eabi/bin/../lib/gcc/arm-none-eabi/4.8.1/../../../../arm-none-eabi/lib/thumb2\libc.a(lib_a-freer.o)
                0x08003b40                _malloc_trim_r
                0x08003be4                _free_r
 .text          0x08003d7c       0x9c c:/users/leo/mentorgraphics/sourcery_codebench_lite_for_arm_eabi/bin/../lib/gcc/arm-none-eabi/4.8.1/../../../../arm-none-eabi/lib/thumb2\libc.a(lib_a-locale.o)
                0x08003d7c                _setlocale_r
                0x08003dd0                __locale_charset
                0x08003ddc                __locale_mb_cur_max
                0x08003de8                __locale_msgcharset
                0x08003df0                __locale_cjk_lang
                0x08003df4                _localeconv_r
                0x08003dfc                setlocale
                0x08003e10                localeconv
 .text          0x08003e18       0x20 c:/users/leo/mentorgraphics/sourcery_codebench_lite_for_arm_eabi/bin/../lib/gcc/arm-none-eabi/4.8.1/../../../../arm-none-eabi/lib/thumb2\libc.a(lib_a-malloc.o)
                0x08003e18                malloc
                0x08003e28                free
 .text          0x08003e38      0x570 c:/users/leo/mentorgraphics/sourcery_codebench_lite_for_arm_eabi/bin/../lib/gcc/arm-none-eabi/4.8.1/../../../../arm-none-eabi/lib/thumb2\libc.a(lib_a-mallocr.o)
                0x08003e38                _malloc_r
 .text          0x080043a8       0x90 c:/users/leo/mentorgraphics/sourcery_codebench_lite_for_arm_eabi/bin/../lib/gcc/arm-none-eabi/4.8.1/../../../../arm-none-eabi/lib/thumb2\libc.a(lib_a-memchr-stub.o)
                0x080043a8                memchr
 .text          0x08004438       0xd0 c:/users/leo/mentorgraphics/sourcery_codebench_lite_for_arm_eabi/bin/../lib/gcc/arm-none-eabi/4.8.1/../../../../arm-none-eabi/lib/thumb2\libc.a(lib_a-memmove.o)
                0x08004438                memmove
 .text          0x08004508        0x8 c:/users/leo/mentorgraphics/sourcery_codebench_lite_for_arm_eabi/bin/../lib/gcc/arm-none-eabi/4.8.1/../../../../arm-none-eabi/lib/thumb2\libc.a(lib_a-mlock.o)
                0x08004508                __malloc_lock
                0x0800450c                __malloc_unlock
 .text          0x08004510      0x938 c:/users/leo/mentorgraphics/sourcery_codebench_lite_for_arm_eabi/bin/../lib/gcc/arm-none-eabi/4.8.1/../../../../arm-none-eabi/lib/thumb2\libc.a(lib_a-mprec.o)
                0x08004510                _Balloc
                0x0800457c                _Bfree
                0x080045b4                __multadd
                0x08004640                __s2b
                0x080046d8                __hi0bits
                0x08004714                __lo0bits
                0x0800476c                __i2b
                0x08004780                __multiply
                0x080048c0                __pow5mult
                0x08004978                __lshift
                0x08004a30                __mcmp
                0x08004a74                __mdiff
                0x08004b60                __ulp
                0x08004ba4                __b2d
                0x08004c50                __d2b
                0x08004d0c                __ratio
                0x08004d6c                _mprec_log10
                0x08004da0                __copybits
                0x08004de8                __any_on
 .text          0x08004e48      0x3ec c:/users/leo/mentorgraphics/sourcery_codebench_lite_for_arm_eabi/bin/../lib/gcc/arm-none-eabi/4.8.1/../../../../arm-none-eabi/lib/thumb2\libc.a(lib_a-reallocr.o)
                0x08004e48                _realloc_r
 .text          0x08005234       0x50 c:/users/leo/mentorgraphics/sourcery_codebench_lite_for_arm_eabi/bin/../lib/gcc/arm-none-eabi/4.8.1/../../../../arm-none-eabi/lib/thumb2\libc.a(lib_a-s_fpclassify.o)
                0x08005234                __fpclassifyd
 .text          0x08005284       0x28 c:/users/leo/mentorgraphics/sourcery_codebench_lite_for_arm_eabi/bin/../lib/gcc/arm-none-eabi/4.8.1/../../../../arm-none-eabi/lib/thumb2\libc.a(lib_a-sbrkr.o)
                0x08005284                _sbrk_r
 .text          0x080052ac      0x23c c:/users/leo/mentorgraphics/sourcery_codebench_lite_for_arm_eabi/bin/../lib/gcc/arm-none-eabi/4.8.1/../../../../arm-none-eabi/lib/thumb2\libc.a(lib_a-strcmp.o)
                0x080052ac                strcmp
 .text          0x080054e8      0xbe0 c:/users/leo/mentorgraphics/sourcery_codebench_lite_for_arm_eabi/bin/../lib/gcc/arm-none-eabi/4.8.1/../../../../arm-none-eabi/lib/thumb2\libc.a(lib_a-svfiprintf.o)
                0x080054e8                __ssprint_r
                0x080055ec                _svfiprintf_r
 .text          0x080060c8       0x64 c:/users/leo/mentorgraphics/sourcery_codebench_lite_for_arm_eabi/bin/../lib/gcc/arm-none-eabi/4.8.1/../../../../arm-none-eabi/lib/thumb2\libc.a(lib_a-callocr.o)
                0x080060c8                _calloc_r
 *fill*         0x0800612c        0x4 
 .text          0x08006130      0x278 c:/users/leo/mentorgraphics/sourcery_codebench_lite_for_arm_eabi/bin/../lib/gcc/arm-none-eabi/4.8.1/thumb2\libgcc.a(_udivsi3.o)
                0x08006130                __aeabi_uidiv
                0x08006130                __udivsi3
                0x0800638c                __aeabi_uidivmod
 .text          0x080063a8        0x4 c:/users/leo/mentorgraphics/sourcery_codebench_lite_for_arm_eabi/bin/../lib/gcc/arm-none-eabi/4.8.1/thumb2\libgcc.a(_dvmd_tls.o)
                0x080063a8                __aeabi_idiv0
                0x080063a8                __aeabi_ldiv0
 .text          0x080063ac       0x2c c:/users/leo/mentorgraphics/sourcery_codebench_lite_for_arm_eabi/bin/../lib/gcc/arm-none-eabi/4.8.1/thumb2\libgcc.a(_aeabi_uldivmod.o)
                0x080063ac                __aeabi_uldivmod
 .text          0x080063d8       0x60 c:/users/leo/mentorgraphics/sourcery_codebench_lite_for_arm_eabi/bin/../lib/gcc/arm-none-eabi/4.8.1/thumb2\libgcc.a(bpabi.o)
                0x080063d8                __gnu_ldivmod_helper
                0x08006408                __gnu_uldivmod_helper
 .text          0x08006438      0x354 c:/users/leo/mentorgraphics/sourcery_codebench_lite_for_arm_eabi/bin/../lib/gcc/arm-none-eabi/4.8.1/thumb2\libgcc.a(_divdi3.o)
                0x08006438                __divdi3
 .text          0x0800678c      0x300 c:/users/leo/mentorgraphics/sourcery_codebench_lite_for_arm_eabi/bin/../lib/gcc/arm-none-eabi/4.8.1/thumb2\libgcc.a(_udivdi3.o)
                0x0800678c                __udivdi3
 *(.text*)
 .text.RTC_WaitForLastTask
                0x08006a8c       0x24 ..\obj\stm32f10x_rtc.o
                0x08006a8c                RTC_WaitForLastTask
 .text.RTC_GetITStatus
                0x08006ab0       0x58 ..\obj\stm32f10x_rtc.o
                0x08006ab0                RTC_GetITStatus
 .text.RTC_ClearITPendingBit
                0x08006b08       0x34 ..\obj\stm32f10x_rtc.o
                0x08006b08                RTC_ClearITPendingBit
 .text.USB_OTG_EnableCommonInt
                0x08006b3c       0x44 ..\obj\usb_core.o
 .text.USB_OTG_CoreReset
                0x08006b80       0x94 ..\obj\usb_core.o
 .text.USB_OTG_WritePacket
                0x08006c14       0x70 ..\obj\usb_core.o
                0x08006c14                USB_OTG_WritePacket
 .text.USB_OTG_ReadPacket
                0x08006c84       0x5c ..\obj\usb_core.o
                0x08006c84                USB_OTG_ReadPacket
 .text.USB_OTG_SelectCore
                0x08006ce0      0x174 ..\obj\usb_core.o
                0x08006ce0                USB_OTG_SelectCore
 .text.USB_OTG_CoreInit
                0x08006e54      0x13c ..\obj\usb_core.o
                0x08006e54                USB_OTG_CoreInit
 .text.USB_OTG_EnableGlobalInt
                0x08006f90       0x38 ..\obj\usb_core.o
                0x08006f90                USB_OTG_EnableGlobalInt
 .text.USB_OTG_DisableGlobalInt
                0x08006fc8       0x38 ..\obj\usb_core.o
                0x08006fc8                USB_OTG_DisableGlobalInt
 .text.USB_OTG_FlushTxFifo
                0x08007000       0x74 ..\obj\usb_core.o
                0x08007000                USB_OTG_FlushTxFifo
 .text.USB_OTG_FlushRxFifo
                0x08007074       0x60 ..\obj\usb_core.o
                0x08007074                USB_OTG_FlushRxFifo
 .text.USB_OTG_SetCurrentMode
                0x080070d4       0x60 ..\obj\usb_core.o
                0x080070d4                USB_OTG_SetCurrentMode
 .text.USB_OTG_GetMode
                0x08007134       0x20 ..\obj\usb_core.o
                0x08007134                USB_OTG_GetMode
 .text.USB_OTG_IsDeviceMode
                0x08007154       0x24 ..\obj\usb_core.o
                0x08007154                USB_OTG_IsDeviceMode
 .text.USB_OTG_ReadCoreItr
                0x08007178       0x30 ..\obj\usb_core.o
                0x08007178                USB_OTG_ReadCoreItr
 .text.USB_OTG_InitDevSpeed
                0x080071a8       0x38 ..\obj\usb_core.o
                0x080071a8                USB_OTG_InitDevSpeed
 .text.USB_OTG_CoreInitDev
                0x080071e0      0x27c ..\obj\usb_core.o
                0x080071e0                USB_OTG_CoreInitDev
 .text.USB_OTG_EnableDevInt
                0x0800745c       0x98 ..\obj\usb_core.o
                0x0800745c                USB_OTG_EnableDevInt
 .text.USB_OTG_GetDeviceSpeed
                0x080074f4       0x48 ..\obj\usb_core.o
                0x080074f4                USB_OTG_GetDeviceSpeed
 .text.USB_OTG_EP0Activate
                0x0800753c       0x78 ..\obj\usb_core.o
                0x0800753c                USB_OTG_EP0Activate
 .text.USB_OTG_EPActivate
                0x080075b4       0xdc ..\obj\usb_core.o
                0x080075b4                USB_OTG_EPActivate
 .text.USB_OTG_EPDeactivate
                0x08007690       0x8c ..\obj\usb_core.o
                0x08007690                USB_OTG_EPDeactivate
 .text.USB_OTG_EPStartXfer
                0x0800771c      0x280 ..\obj\usb_core.o
                0x0800771c                USB_OTG_EPStartXfer
 .text.USB_OTG_EP0StartXfer
                0x0800799c      0x1d4 ..\obj\usb_core.o
                0x0800799c                USB_OTG_EP0StartXfer
 .text.USB_OTG_EPSetStall
                0x08007b70       0x88 ..\obj\usb_core.o
                0x08007b70                USB_OTG_EPSetStall
 .text.USB_OTG_EPClearStall
                0x08007bf8       0x78 ..\obj\usb_core.o
                0x08007bf8                USB_OTG_EPClearStall
 .text.USB_OTG_ReadDevAllOutEp_itr
                0x08007c70       0x2c ..\obj\usb_core.o
                0x08007c70                USB_OTG_ReadDevAllOutEp_itr
 .text.USB_OTG_ReadDevOutEP_itr
                0x08007c9c       0x38 ..\obj\usb_core.o
                0x08007c9c                USB_OTG_ReadDevOutEP_itr
 .text.USB_OTG_ReadDevAllInEPItr
                0x08007cd4       0x2c ..\obj\usb_core.o
                0x08007cd4                USB_OTG_ReadDevAllInEPItr
 .text.USB_OTG_EP0_OutStart
                0x08007d00       0x70 ..\obj\usb_core.o
                0x08007d00                USB_OTG_EP0_OutStart
 .text.USB_OTG_UngateClock
                0x08007d70       0x54 ..\obj\usb_core.o
                0x08007d70                USB_OTG_UngateClock
 *fill*         0x08007dc4        0x4 
 .text.convertmicrosectodevicetimeu
                0x08007dc8       0x60 ..\obj\instance_common.o
                0x08007dc8                convertmicrosectodevicetimeu
 .text.convertdevicetimetosec
                0x08007e28       0x50 ..\obj\instance_common.o
                0x08007e28                convertdevicetimetosec
 .text.reportTOF
                0x08007e78      0x168 ..\obj\instance_common.o
                0x08007e78                reportTOF
 .text.instancesetrole
                0x08007fe0       0x20 ..\obj\instance_common.o
                0x08007fe0                instancesetrole
 .text.instancegetrole
                0x08008000       0x18 ..\obj\instance_common.o
                0x08008000                instancegetrole
 .text.instancenewrange
                0x08008018       0x34 ..\obj\instance_common.o
                0x08008018                instancenewrange
 .text.instancenewrangeancadd
                0x0800804c       0x1c ..\obj\instance_common.o
                0x0800804c                instancenewrangeancadd
 .text.instancenewrangetagadd
                0x08008068       0x1c ..\obj\instance_common.o
                0x08008068                instancenewrangetagadd
 .text.instancenewrangetim
                0x08008084       0x1c ..\obj\instance_common.o
                0x08008084                instancenewrangetim
 .text.instanceclearcounts
                0x080080a0       0x84 ..\obj\instance_common.o
                0x080080a0                instanceclearcounts
 .text.instance_init
                0x08008124      0x1b4 ..\obj\instance_common.o
                0x08008124                instance_init
 .text.instancereaddeviceid
                0x080082d8       0x10 ..\obj\instance_common.o
                0x080082d8                instancereaddeviceid
 .text.instance_config
                0x080082e8      0x540 ..\obj\instance_common.o
                0x080082e8                instance_config
 .text.instancesettagsleepdelay
                0x08008828       0x30 ..\obj\instance_common.o
                0x08008828                instancesettagsleepdelay
 .text.instancegetrnum
                0x08008858       0x1c ..\obj\instance_common.o
                0x08008858                instancegetrnum
 .text.instancegetlcount
                0x08008874       0x24 ..\obj\instance_common.o
                0x08008874                instancegetlcount
 .text.instancegetidist
                0x08008898       0x28 ..\obj\instance_common.o
                0x08008898                instancegetidist
 .text.instancegetidistraw
                0x080088c0       0x28 ..\obj\instance_common.o
                0x080088c0                instancegetidistraw
 .text.inst_processrxtimeout
                0x080088e8       0x8c ..\obj\instance_common.o
                0x080088e8                inst_processrxtimeout
 .text.instance_txcallback
                0x08008974      0x218 ..\obj\instance_common.o
                0x08008974                instance_txcallback
 .text.instance_rxcallback
                0x08008b8c      0x344 ..\obj\instance_common.o
                0x08008b8c                instance_rxcallback
 .text.instance_peekevent
                0x08008ed0       0x58 ..\obj\instance_common.o
                0x08008ed0                instance_peekevent
 .text.instance_saveevent
                0x08008f28       0x4c ..\obj\instance_common.o
                0x08008f28                instance_saveevent
 .text.instance_getsavedevent
                0x08008f74       0x40 ..\obj\instance_common.o
                0x08008f74                instance_getsavedevent
 .text.instance_putevent
                0x08008fb4      0x134 ..\obj\instance_common.o
                0x08008fb4                instance_putevent
 .text.instance_getevent
                0x080090e8      0x310 ..\obj\instance_common.o
                0x080090e8                instance_getevent
 .text.instance_clearevents
                0x080093f8       0xa8 ..\obj\instance_common.o
                0x080093f8                instance_clearevents
 .text.instance_run
                0x080094a0      0x234 ..\obj\instance_common.o
                0x080094a0                instance_run
 .text.instance_notify_DW1000_inIDLE
                0x080096d4       0x20 ..\obj\instance_common.o
                0x080096d4                instance_notify_DW1000_inIDLE
 .text.instanceconfigtxpower
                0x080096f4       0x2c ..\obj\instance_common.o
                0x080096f4                instanceconfigtxpower
 .text.instancesettxpower
                0x08009720       0x38 ..\obj\instance_common.o
                0x08009720                instancesettxpower
 .text.instanceconfigantennadelays
                0x08009758       0x40 ..\obj\instance_common.o
                0x08009758                instanceconfigantennadelays
 .text.instancesetantennadelays
                0x08009798       0x44 ..\obj\instance_common.o
                0x08009798                instancesetantennadelays
 .text.instancetxantdly
                0x080097dc       0x18 ..\obj\instance_common.o
                0x080097dc                instancetxantdly
 .text.instancerxantdly
                0x080097f4       0x18 ..\obj\instance_common.o
                0x080097f4                instancerxantdly
 .text.usleep   0x0800980c       0x3c ..\obj\unistd.o
                0x0800980c                usleep
 .text.__get_MSP
                0x08009848       0x10 ..\obj\core_cm3.o
                0x08009848                __get_MSP
 .text.USBD_USR_Init
                0x08009858        0xc ..\obj\usbd_usr.o
                0x08009858                USBD_USR_Init
 .text.USBD_USR_DeviceReset
                0x08009864       0x18 ..\obj\usbd_usr.o
                0x08009864                USBD_USR_DeviceReset
 .text.USBD_USR_DeviceConfigured
                0x0800987c        0xc ..\obj\usbd_usr.o
                0x0800987c                USBD_USR_DeviceConfigured
 .text.USBD_USR_DeviceSuspended
                0x08009888        0xc ..\obj\usbd_usr.o
                0x08009888                USBD_USR_DeviceSuspended
 .text.USBD_USR_DeviceResumed
                0x08009894        0xc ..\obj\usbd_usr.o
                0x08009894                USBD_USR_DeviceResumed
 .text.USBD_USR_DeviceConnected
                0x080098a0       0x14 ..\obj\usbd_usr.o
                0x080098a0                USBD_USR_DeviceConnected
 .text.USBD_USR_DeviceDisconnected
                0x080098b4       0x14 ..\obj\usbd_usr.o
                0x080098b4                USBD_USR_DeviceDisconnected
 .text.instance_starttxtest
                0x080098c8       0x58 ..\obj\instance_calib.o
                0x080098c8                instance_starttxtest
 .text.SystemInit
                0x08009920       0xcc ..\obj\system_stm32f10x.o
                0x08009920                SystemInit
 .text.SetSysClock
                0x080099ec        0xc ..\obj\system_stm32f10x.o
 .text.SetSysClockTo72
                0x080099f8      0x208 ..\obj\system_stm32f10x.o
 .text.dwt_initialise
                0x08009c00      0x348 ..\obj\deca_device.o
                0x08009c00                dwt_initialise
 .text.dwt_getTREKOTPantennadelay
                0x08009f48       0x98 ..\obj\deca_device.o
                0x08009f48                dwt_getTREKOTPantennadelay
 .text.dwt_otprevision
                0x08009fe0       0x18 ..\obj\deca_device.o
                0x08009fe0                dwt_otprevision
 .text.dwt_getldotune
                0x08009ff8       0x1c ..\obj\deca_device.o
                0x08009ff8                dwt_getldotune
 .text.dwt_getpartid
                0x0800a014       0x18 ..\obj\deca_device.o
                0x0800a014                dwt_getpartid
 .text.dwt_getlotid
                0x0800a02c       0x18 ..\obj\deca_device.o
                0x0800a02c                dwt_getlotid
 .text.dwt_readdevid
                0x0800a044       0x14 ..\obj\deca_device.o
                0x0800a044                dwt_readdevid
 .text.dwt_configuretxrf
                0x0800a058       0x28 ..\obj\deca_device.o
                0x0800a058                dwt_configuretxrf
 .text.dwt_getotptxpower
                0x0800a080       0x40 ..\obj\deca_device.o
                0x0800a080                dwt_getotptxpower
 .text.dwt_configure
                0x0800a0c0      0x3b8 ..\obj\deca_device.o
                0x0800a0c0                dwt_configure
 .text.dwt_setrxantennadelay
                0x0800a478       0x34 ..\obj\deca_device.o
                0x0800a478                dwt_setrxantennadelay
 .text.dwt_settxantennadelay
                0x0800a4ac       0x30 ..\obj\deca_device.o
                0x0800a4ac                dwt_settxantennadelay
 .text.dwt_readantennadelay
                0x0800a4dc       0x2c ..\obj\deca_device.o
                0x0800a4dc                dwt_readantennadelay
 .text.dwt_writetxdata
                0x0800a508       0x20 ..\obj\deca_device.o
                0x0800a508                dwt_writetxdata
 .text.dwt_writetxfctrl
                0x0800a528       0x20 ..\obj\deca_device.o
                0x0800a528                dwt_writetxfctrl
 .text.dwt_readrxdata
                0x0800a548       0x14 ..\obj\deca_device.o
                0x0800a548                dwt_readrxdata
 .text.dwt_readtxtimestamp
                0x0800a55c        0xc ..\obj\deca_device.o
                0x0800a55c                dwt_readtxtimestamp
 .text.dwt_readrxtimestamp
                0x0800a568        0xc ..\obj\deca_device.o
                0x0800a568                dwt_readrxtimestamp
 .text.dwt_writetodevice
                0x0800a574       0x4c ..\obj\deca_device.o
                0x0800a574                dwt_writetodevice
 .text.dwt_readfromdevice
                0x0800a5c0       0x48 ..\obj\deca_device.o
                0x0800a5c0                dwt_readfromdevice
 .text.dwt_read32bitoffsetreg
                0x0800a608       0x44 ..\obj\deca_device.o
                0x0800a608                dwt_read32bitoffsetreg
 .text.dwt_read16bitoffsetreg
                0x0800a64c       0x30 ..\obj\deca_device.o
                0x0800a64c                dwt_read16bitoffsetreg
 .text.dwt_write16bitoffsetreg
                0x0800a67c       0x20 ..\obj\deca_device.o
                0x0800a67c                dwt_write16bitoffsetreg
 .text.dwt_write32bitoffsetreg
                0x0800a69c       0x30 ..\obj\deca_device.o
                0x0800a69c                dwt_write32bitoffsetreg
 .text.dwt_enableframefilter
                0x0800a6cc       0x48 ..\obj\deca_device.o
                0x0800a6cc                dwt_enableframefilter
 .text.dwt_setpanid
                0x0800a714        0xc ..\obj\deca_device.o
                0x0800a714                dwt_setpanid
 .text.dwt_setaddress16
                0x0800a720        0xc ..\obj\deca_device.o
                0x0800a720                dwt_setaddress16
 .text.dwt_seteui
                0x0800a72c        0xc ..\obj\deca_device.o
                0x0800a72c                dwt_seteui
 .text._dwt_otpread
                0x0800a738       0x4c ..\obj\deca_device.o
                0x0800a738                _dwt_otpread
 .text._dwt_aonarrayupload
                0x0800a784       0x30 ..\obj\deca_device.o
                0x0800a784                _dwt_aonarrayupload
 .text.dwt_entersleep
                0x0800a7b4        0x4 ..\obj\deca_device.o
                0x0800a7b4                dwt_entersleep
 .text.dwt_configuresleep
                0x0800a7b8       0x24 ..\obj\deca_device.o
                0x0800a7b8                dwt_configuresleep
 .text.dwt_entersleepaftertx
                0x0800a7dc       0x24 ..\obj\deca_device.o
                0x0800a7dc                dwt_entersleepaftertx
 .text._dwt_configlde
                0x0800a800       0x3c ..\obj\deca_device.o
                0x0800a800                _dwt_configlde
 .text._dwt_loaducodefromrom
                0x0800a83c       0x40 ..\obj\deca_device.o
                0x0800a83c                _dwt_loaducodefromrom
 .text.dwt_loadopsettabfromotp
                0x0800a87c       0x38 ..\obj\deca_device.o
                0x0800a87c                dwt_loadopsettabfromotp
 .text.dwt_setsmarttxpower
                0x0800a8b4       0x3c ..\obj\deca_device.o
                0x0800a8b4                dwt_setsmarttxpower
 .text.dwt_setdblrxbuffmode
                0x0800a8f0       0x34 ..\obj\deca_device.o
                0x0800a8f0                dwt_setdblrxbuffmode
 .text.dwt_setautorxreenable
                0x0800a924       0x38 ..\obj\deca_device.o
                0x0800a924                dwt_setautorxreenable
 .text.dwt_setrxaftertxdelay
                0x0800a95c       0x24 ..\obj\deca_device.o
                0x0800a95c                dwt_setrxaftertxdelay
 .text.dwt_setcallbacks
                0x0800a980       0x14 ..\obj\deca_device.o
                0x0800a980                dwt_setcallbacks
 .text.dwt_isr  0x0800a994      0x2ec ..\obj\deca_device.o
                0x0800a994                dwt_isr
 .text.dwt_setleds
                0x0800ac80       0xc4 ..\obj\deca_device.o
                0x0800ac80                dwt_setleds
 .text._dwt_enableclocks
                0x0800ad44       0xe4 ..\obj\deca_device.o
                0x0800ad44                _dwt_enableclocks
 .text._dwt_disablesequencing
                0x0800ae28       0x18 ..\obj\deca_device.o
                0x0800ae28                _dwt_disablesequencing
 .text.dwt_setdelayedtrxtime
                0x0800ae40        0xc ..\obj\deca_device.o
                0x0800ae40                dwt_setdelayedtrxtime
 .text.dwt_starttx
                0x0800ae4c       0x9c ..\obj\deca_device.o
                0x0800ae4c                dwt_starttx
 .text.dwt_checkoverrun
                0x0800aee8       0x10 ..\obj\deca_device.o
                0x0800aee8                dwt_checkoverrun
 .text.dwt_forcetrxoff
                0x0800aef8       0x68 ..\obj\deca_device.o
                0x0800aef8                dwt_forcetrxoff
 .text.dwt_syncrxbufptrs
                0x0800af60       0x38 ..\obj\deca_device.o
                0x0800af60                dwt_syncrxbufptrs
 .text.dwt_rxenable
                0x0800af98       0x64 ..\obj\deca_device.o
                0x0800af98                dwt_rxenable
 .text.dwt_setrxtimeout
                0x0800affc       0x64 ..\obj\deca_device.o
                0x0800affc                dwt_setrxtimeout
 .text.dwt_setinterrupt
                0x0800b060       0x30 ..\obj\deca_device.o
                0x0800b060                dwt_setinterrupt
 .text.dwt_configeventcounters
                0x0800b090       0x34 ..\obj\deca_device.o
                0x0800b090                dwt_configeventcounters
 .text.dwt_rxreset
                0x0800b0c4       0x30 ..\obj\deca_device.o
                0x0800b0c4                dwt_rxreset
 .text.dwt_softreset
                0x0800b0f4       0x80 ..\obj\deca_device.o
                0x0800b0f4                dwt_softreset
 .text.dwt_xtaltrim
                0x0800b174       0x38 ..\obj\deca_device.o
                0x0800b174                dwt_xtaltrim
 .text.dwt_configcontinuousframemode
                0x0800b1ac       0x58 ..\obj\deca_device.o
                0x0800b1ac                dwt_configcontinuousframemode
 .text.writetospi_serial
                0x0800b204       0x94 ..\obj\deca_spi.o
                0x0800b204                writetospi_serial
 .text.readfromspi_serial
                0x0800b298       0x9c ..\obj\deca_spi.o
                0x0800b298                readfromspi_serial
 .text.writetoLCD
                0x0800b334       0xcc ..\obj\deca_spi.o
                0x0800b334                writetoLCD
 .text.GPIO_Init
                0x0800b400      0x178 ..\obj\stm32f10x_gpio.o
                0x0800b400                GPIO_Init
 .text.GPIO_ReadInputDataBit
                0x0800b578       0x34 ..\obj\stm32f10x_gpio.o
                0x0800b578                GPIO_ReadInputDataBit
 .text.GPIO_SetBits
                0x0800b5ac       0x1c ..\obj\stm32f10x_gpio.o
                0x0800b5ac                GPIO_SetBits
 .text.GPIO_ResetBits
                0x0800b5c8       0x1c ..\obj\stm32f10x_gpio.o
                0x0800b5c8                GPIO_ResetBits
 .text.GPIO_PinRemapConfig
                0x0800b5e4       0xf4 ..\obj\stm32f10x_gpio.o
                0x0800b5e4                GPIO_PinRemapConfig
 .text.GPIO_EXTILineConfig
                0x0800b6d8       0x8c ..\obj\stm32f10x_gpio.o
                0x0800b6d8                GPIO_EXTILineConfig
 .text.USBD_Init
                0x0800b764       0x8c ..\obj\usbd_core.o
                0x0800b764                USBD_Init
 .text.USBD_DeInit
                0x0800b7f0       0x18 ..\obj\usbd_core.o
                0x0800b7f0                USBD_DeInit
 .text.USBD_SetupStage
                0x0800b808       0x6c ..\obj\usbd_core.o
 .text.USBD_DataOutStage
                0x0800b874       0xd0 ..\obj\usbd_core.o
 .text.USBD_DataInStage
                0x0800b944      0x11c ..\obj\usbd_core.o
 .text.USBD_RunTestMode
                0x0800ba60       0x28 ..\obj\usbd_core.o
 .text.USBD_Reset
                0x0800ba88       0x44 ..\obj\usbd_core.o
 .text.USBD_Resume
                0x0800bacc       0x30 ..\obj\usbd_core.o
 .text.USBD_Suspend
                0x0800bafc       0x30 ..\obj\usbd_core.o
 .text.USBD_SOF
                0x0800bb2c       0x2c ..\obj\usbd_core.o
 .text.USBD_SetCfg
                0x0800bb58       0x30 ..\obj\usbd_core.o
                0x0800bb58                USBD_SetCfg
 .text.USBD_ClrCfg
                0x0800bb88       0x28 ..\obj\usbd_core.o
                0x0800bb88                USBD_ClrCfg
 .text.USBD_IsoINIncomplete
                0x0800bbb0       0x20 ..\obj\usbd_core.o
 .text.USBD_IsoOUTIncomplete
                0x0800bbd0       0x20 ..\obj\usbd_core.o
 .text.NVIC_EnableIRQ
                0x0800bbf0       0x34 ..\obj\main.o
 .text.NVIC_DisableIRQ
                0x0800bc24       0x34 ..\obj\main.o
 .text.addressconfigure
                0x0800bc58       0x80 ..\obj\main.o
                0x0800bc58                addressconfigure
 .text.decarangingmode
                0x0800bcd8       0x3c ..\obj\main.o
                0x0800bcd8                decarangingmode
 .text.inittestapplication
                0x0800bd14      0x240 ..\obj\main.o
                0x0800bd14                inittestapplication
 .text.process_dwRSTn_irq
                0x0800bf54        0xc ..\obj\main.o
                0x0800bf54                process_dwRSTn_irq
 .text.process_deca_irq
                0x0800bf60       0x20 ..\obj\main.o
                0x0800bf60                process_deca_irq
 .text.initLCD  0x0800bf80       0x6c ..\obj\main.o
                0x0800bf80                initLCD
 .text.setLCDline1
                0x0800bfec      0x130 ..\obj\main.o
                0x0800bfec                setLCDline1
 .text.configureContinuousTxSpectrumMode
                0x0800c11c       0xa4 ..\obj\main.o
                0x0800c11c                configureContinuousTxSpectrumMode
 .text.main     0x0800c1c0      0x69c ..\obj\main.o
                0x0800c1c0                main
 .text.NVIC_EnableIRQ
                0x0800c85c       0x34 ..\obj\usb.o
 .text.NVIC_DisableIRQ
                0x0800c890       0x34 ..\obj\usb.o
 .text.configSPIspeed
                0x0800c8c4       0x40 ..\obj\usb.o
                0x0800c8c4                configSPIspeed
 .text.process_usbmessage
                0x0800c904      0x400 ..\obj\usb.o
                0x0800c904                process_usbmessage
 .text.send_usbmessage
                0x0800cd04       0x4c ..\obj\usb.o
                0x0800cd04                send_usbmessage
 .text.usb_printconfig
                0x0800cd50       0x34 ..\obj\usb.o
                0x0800cd50                usb_printconfig
 .text.usb_init
                0x0800cd84       0xa0 ..\obj\usb.o
                0x0800cd84                usb_init
 .text.usb_run  0x0800ce24       0x98 ..\obj\usb.o
                0x0800ce24                usb_run
 .text.RCC_DeInit
                0x0800cebc       0xc0 ..\obj\stm32f10x_rcc.o
                0x0800cebc                RCC_DeInit
 .text.RCC_HSEConfig
                0x0800cf7c       0x88 ..\obj\stm32f10x_rcc.o
                0x0800cf7c                RCC_HSEConfig
 .text.RCC_WaitForHSEStartUp
                0x0800d004       0x50 ..\obj\stm32f10x_rcc.o
                0x0800d004                RCC_WaitForHSEStartUp
 .text.RCC_PLLConfig
                0x0800d054       0x44 ..\obj\stm32f10x_rcc.o
                0x0800d054                RCC_PLLConfig
 .text.RCC_PLLCmd
                0x0800d098       0x20 ..\obj\stm32f10x_rcc.o
                0x0800d098                RCC_PLLCmd
 .text.RCC_PREDIV1Config
                0x0800d0b8       0x48 ..\obj\stm32f10x_rcc.o
                0x0800d0b8                RCC_PREDIV1Config
 .text.RCC_PREDIV2Config
                0x0800d100       0x40 ..\obj\stm32f10x_rcc.o
                0x0800d100                RCC_PREDIV2Config
 .text.RCC_PLL2Config
                0x0800d140       0x40 ..\obj\stm32f10x_rcc.o
                0x0800d140                RCC_PLL2Config
 .text.RCC_PLL2Cmd
                0x0800d180       0x20 ..\obj\stm32f10x_rcc.o
                0x0800d180                RCC_PLL2Cmd
 .text.RCC_SYSCLKConfig
                0x0800d1a0       0x40 ..\obj\stm32f10x_rcc.o
                0x0800d1a0                RCC_SYSCLKConfig
 .text.RCC_GetSYSCLKSource
                0x0800d1e0       0x20 ..\obj\stm32f10x_rcc.o
                0x0800d1e0                RCC_GetSYSCLKSource
 .text.RCC_HCLKConfig
                0x0800d200       0x40 ..\obj\stm32f10x_rcc.o
                0x0800d200                RCC_HCLKConfig
 .text.RCC_PCLK1Config
                0x0800d240       0x40 ..\obj\stm32f10x_rcc.o
                0x0800d240                RCC_PCLK1Config
 .text.RCC_PCLK2Config
                0x0800d280       0x40 ..\obj\stm32f10x_rcc.o
                0x0800d280                RCC_PCLK2Config
 .text.RCC_ADCCLKConfig
                0x0800d2c0       0x40 ..\obj\stm32f10x_rcc.o
                0x0800d2c0                RCC_ADCCLKConfig
 .text.RCC_GetClocksFreq
                0x0800d300      0x230 ..\obj\stm32f10x_rcc.o
                0x0800d300                RCC_GetClocksFreq
 .text.RCC_AHBPeriphClockCmd
                0x0800d530       0x50 ..\obj\stm32f10x_rcc.o
                0x0800d530                RCC_AHBPeriphClockCmd
 .text.RCC_APB2PeriphClockCmd
                0x0800d580       0x50 ..\obj\stm32f10x_rcc.o
                0x0800d580                RCC_APB2PeriphClockCmd
 .text.RCC_APB1PeriphClockCmd
                0x0800d5d0       0x50 ..\obj\stm32f10x_rcc.o
                0x0800d5d0                RCC_APB1PeriphClockCmd
 .text.RCC_APB2PeriphResetCmd
                0x0800d620       0x50 ..\obj\stm32f10x_rcc.o
                0x0800d620                RCC_APB2PeriphResetCmd
 .text.RCC_APB1PeriphResetCmd
                0x0800d670       0x50 ..\obj\stm32f10x_rcc.o
                0x0800d670                RCC_APB1PeriphResetCmd
 .text.RCC_GetFlagStatus
                0x0800d6c0       0x84 ..\obj\stm32f10x_rcc.o
                0x0800d6c0                RCC_GetFlagStatus
 .text.Reset_Handler
                0x0800d744       0x48 ..\obj\startup_stm32f10x_cl.o
                0x0800d744                Reset_Handler
 .text.Default_Handler
                0x0800d78c        0x2 ..\obj\startup_stm32f10x_cl.o
                0x0800d78c                EXTI2_IRQHandler
                0x0800d78c                TIM1_CC_IRQHandler
                0x0800d78c                TIM6_IRQHandler
                0x0800d78c                PVD_IRQHandler
                0x0800d78c                CAN2_RX1_IRQHandler
                0x0800d78c                I2C2_EV_IRQHandler
                0x0800d78c                CAN1_RX0_IRQHandler
                0x0800d78c                CAN2_SCE_IRQHandler
                0x0800d78c                ADC1_2_IRQHandler
                0x0800d78c                SPI1_IRQHandler
                0x0800d78c                TAMPER_IRQHandler
                0x0800d78c                CAN2_RX0_IRQHandler
                0x0800d78c                DMA2_Channel2_IRQHandler
                0x0800d78c                DMA1_Channel4_IRQHandler
                0x0800d78c                USART3_IRQHandler
                0x0800d78c                DMA1_Channel7_IRQHandler
                0x0800d78c                CAN1_RX1_IRQHandler
                0x0800d78c                UART5_IRQHandler
                0x0800d78c                TIM4_IRQHandler
                0x0800d78c                DMA2_Channel1_IRQHandler
                0x0800d78c                I2C1_EV_IRQHandler
                0x0800d78c                DMA1_Channel6_IRQHandler
                0x0800d78c                UART4_IRQHandler
                0x0800d78c                DMA2_Channel4_IRQHandler
                0x0800d78c                TIM3_IRQHandler
                0x0800d78c                RCC_IRQHandler
                0x0800d78c                TIM1_TRG_COM_IRQHandler
                0x0800d78c                DMA1_Channel1_IRQHandler
                0x0800d78c                Default_Handler
                0x0800d78c                TIM7_IRQHandler
                0x0800d78c                CAN2_TX_IRQHandler
                0x0800d78c                TIM5_IRQHandler
                0x0800d78c                SPI2_IRQHandler
                0x0800d78c                CAN1_TX_IRQHandler
                0x0800d78c                DMA2_Channel5_IRQHandler
                0x0800d78c                DMA1_Channel5_IRQHandler
                0x0800d78c                EXTI4_IRQHandler
                0x0800d78c                DMA1_Channel3_IRQHandler
                0x0800d78c                TIM1_UP_IRQHandler
                0x0800d78c                WWDG_IRQHandler
                0x0800d78c                TIM2_IRQHandler
                0x0800d78c                TIM1_BRK_IRQHandler
                0x0800d78c                EXTI1_IRQHandler
                0x0800d78c                RTCAlarm_IRQHandler
                0x0800d78c                USART2_IRQHandler
                0x0800d78c                I2C2_ER_IRQHandler
                0x0800d78c                DMA1_Channel2_IRQHandler
                0x0800d78c                CAN1_SCE_IRQHandler
                0x0800d78c                FLASH_IRQHandler
                0x0800d78c                USART1_IRQHandler
                0x0800d78c                SPI3_IRQHandler
                0x0800d78c                I2C1_ER_IRQHandler
                0x0800d78c                DMA2_Channel3_IRQHandler
 *fill*         0x0800d78e        0x2 
 .text.instanceconfigframeheader16
                0x0800d790       0x58 ..\obj\instance.o
                0x0800d790                instanceconfigframeheader16
 .text.destaddress
                0x0800d7e8       0x7c ..\obj\instance.o
                0x0800d7e8                destaddress
 .text.setupmacframedata
                0x0800d864       0x38 ..\obj\instance.o
                0x0800d864                setupmacframedata
 .text.instancesendpacket
                0x0800d89c       0x74 ..\obj\instance.o
                0x0800d89c                instancesendpacket
 .text.testapprun
                0x0800d910      0xea8 ..\obj\instance.o
                0x0800d910                testapprun
 .text.instancesetreplydelay
                0x0800e7b8      0x550 ..\obj\instance.o
                0x0800e7b8                instancesetreplydelay
 .text.instancesetaddresses
                0x0800ed08       0x34 ..\obj\instance.o
                0x0800ed08                instancesetaddresses
 .text.EXTI_Init
                0x0800ed3c      0x12c ..\obj\stm32f10x_exti.o
                0x0800ed3c                EXTI_Init
 .text.EXTI_ClearITPendingBit
                0x0800ee68       0x20 ..\obj\stm32f10x_exti.o
                0x0800ee68                EXTI_ClearITPendingBit
 .text.USBD_USR_DeviceDescriptor
                0x0800ee88       0x28 ..\obj\usbd_desc.o
                0x0800ee88                USBD_USR_DeviceDescriptor
 .text.USBD_USR_LangIDStrDescriptor
                0x0800eeb0       0x28 ..\obj\usbd_desc.o
                0x0800eeb0                USBD_USR_LangIDStrDescriptor
 .text.USBD_USR_ProductStrDescriptor
                0x0800eed8       0x50 ..\obj\usbd_desc.o
                0x0800eed8                USBD_USR_ProductStrDescriptor
 .text.USBD_USR_ManufacturerStrDescriptor
                0x0800ef28       0x34 ..\obj\usbd_desc.o
                0x0800ef28                USBD_USR_ManufacturerStrDescriptor
 .text.USBD_USR_SerialStrDescriptor
                0x0800ef5c       0x50 ..\obj\usbd_desc.o
                0x0800ef5c                USBD_USR_SerialStrDescriptor
 .text.USBD_USR_ConfigStrDescriptor
                0x0800efac       0x50 ..\obj\usbd_desc.o
                0x0800efac                USBD_USR_ConfigStrDescriptor
 .text.USBD_USR_InterfaceStrDescriptor
                0x0800effc       0x50 ..\obj\usbd_desc.o
                0x0800effc                USBD_USR_InterfaceStrDescriptor
 .text.NVIC_EnableIRQ
                0x0800f04c       0x34 ..\obj\deca_mutex.o
 .text.NVIC_DisableIRQ
                0x0800f080       0x34 ..\obj\deca_mutex.o
 .text.decamutexon
                0x0800f0b4       0x28 ..\obj\deca_mutex.o
                0x0800f0b4                decamutexon
 .text.decamutexoff
                0x0800f0dc       0x1c ..\obj\deca_mutex.o
                0x0800f0dc                decamutexoff
 .text.VCP_Init
                0x0800f0f8       0x10 ..\obj\usbd_cdc_vcp.o
 .text.VCP_DeInit
                0x0800f108       0x10 ..\obj\usbd_cdc_vcp.o
 .text.VCP_Ctrl
                0x0800f118      0x198 ..\obj\usbd_cdc_vcp.o
 .text.VCP_DataTx
                0x0800f2b0       0x80 ..\obj\usbd_cdc_vcp.o
                0x0800f2b0                VCP_DataTx
 .text.VCP_DataRx
                0x0800f330      0x218 ..\obj\usbd_cdc_vcp.o
 .text.VCP_COMConfig
                0x0800f548       0x18 ..\obj\usbd_cdc_vcp.o
 .text._write   0x0800f560       0x44 ..\obj\syscalls.o
                0x0800f560                _write
 .text._sbrk    0x0800f5a4       0x94 ..\obj\syscalls.o
                0x0800f5a4                _sbrk
 .text._times_r
                0x0800f638       0x38 ..\obj\syscalls.o
                0x0800f638                _times_r
 .text.FLASH_SetLatency
                0x0800f670       0x40 ..\obj\stm32f10x_flash.o
                0x0800f670                FLASH_SetLatency
 .text.FLASH_PrefetchBufferCmd
                0x0800f6b0       0x44 ..\obj\stm32f10x_flash.o
                0x0800f6b0                FLASH_PrefetchBufferCmd
 .text.NMI_Handler
                0x0800f6f4        0xc ..\obj\stm32f10x_it.o
                0x0800f6f4                NMI_Handler
 .text.pop_registers_from_fault_stack
                0x0800f700       0x3c ..\obj\stm32f10x_it.o
                0x0800f700                pop_registers_from_fault_stack
 .text.HardFault_Handler
                0x0800f73c       0x20 ..\obj\stm32f10x_it.o
                0x0800f73c                HardFault_Handler
 .text.MemManage_Handler
                0x0800f75c        0x8 ..\obj\stm32f10x_it.o
                0x0800f75c                MemManage_Handler
 .text.BusFault_Handler
                0x0800f764        0x8 ..\obj\stm32f10x_it.o
                0x0800f764                BusFault_Handler
 .text.UsageFault_Handler
                0x0800f76c        0x8 ..\obj\stm32f10x_it.o
                0x0800f76c                UsageFault_Handler
 .text.SVC_Handler
                0x0800f774        0xc ..\obj\stm32f10x_it.o
                0x0800f774                SVC_Handler
 .text.DebugMon_Handler
                0x0800f780        0xc ..\obj\stm32f10x_it.o
                0x0800f780                DebugMon_Handler
 .text.PendSV_Handler
                0x0800f78c        0xc ..\obj\stm32f10x_it.o
                0x0800f78c                PendSV_Handler
 .text.RTC_IRQHandler
                0x0800f798       0x1c ..\obj\stm32f10x_it.o
                0x0800f798                RTC_IRQHandler
 .text.SysTick_Handler
                0x0800f7b4       0x24 ..\obj\stm32f10x_it.o
                0x0800f7b4                SysTick_Handler
 .text.EXTI15_10_IRQHandler
                0x0800f7d8       0x14 ..\obj\stm32f10x_it.o
                0x0800f7d8                EXTI15_10_IRQHandler
 .text.ETH_IRQHandler
                0x0800f7ec        0xc ..\obj\stm32f10x_it.o
                0x0800f7ec                ETH_IRQHandler
 .text.ETH_WKUP_IRQHandler
                0x0800f7f8        0xc ..\obj\stm32f10x_it.o
                0x0800f7f8                ETH_WKUP_IRQHandler
 .text.EXTI0_IRQHandler
                0x0800f804       0x10 ..\obj\stm32f10x_it.o
                0x0800f804                EXTI0_IRQHandler
 .text.EXTI3_IRQHandler
                0x0800f814       0x10 ..\obj\stm32f10x_it.o
                0x0800f814                EXTI3_IRQHandler
 .text.EXTI9_5_IRQHandler
                0x0800f824       0x10 ..\obj\stm32f10x_it.o
                0x0800f824                EXTI9_5_IRQHandler
 .text.OTG_FS_WKUP_IRQHandler
                0x0800f834       0x44 ..\obj\stm32f10x_it.o
                0x0800f834                OTG_FS_WKUP_IRQHandler
 .text.OTG_FS_IRQHandler
                0x0800f878       0x14 ..\obj\stm32f10x_it.o
                0x0800f878                OTG_FS_IRQHandler
 .text.USBD_StdDevReq
                0x0800f88c       0xa0 ..\obj\usbd_req.o
                0x0800f88c                USBD_StdDevReq
 .text.USBD_StdItfReq
                0x0800f92c       0x68 ..\obj\usbd_req.o
                0x0800f92c                USBD_StdItfReq
 .text.USBD_StdEPReq
                0x0800f994      0x1c8 ..\obj\usbd_req.o
                0x0800f994                USBD_StdEPReq
 .text.USBD_GetDescriptor
                0x0800fb5c      0x1b8 ..\obj\usbd_req.o
 .text.USBD_SetAddress
                0x0800fd14       0x7c ..\obj\usbd_req.o
 .text.USBD_SetConfig
                0x0800fd90      0x130 ..\obj\usbd_req.o
 .text.USBD_GetConfig
                0x0800fec0       0x60 ..\obj\usbd_req.o
 .text.USBD_GetStatus
                0x0800ff20       0x68 ..\obj\usbd_req.o
 .text.USBD_SetFeature
                0x0800ff88       0xd8 ..\obj\usbd_req.o
 .text.USBD_ClrFeature
                0x08010060       0x50 ..\obj\usbd_req.o
 .text.USBD_ParseSetupRequest
                0x080100b0       0x8c ..\obj\usbd_req.o
                0x080100b0                USBD_ParseSetupRequest
 .text.USBD_CtlError
                0x0801013c       0x28 ..\obj\usbd_req.o
                0x0801013c                USBD_CtlError
 .text.USBD_GetString
                0x08010164       0x7c ..\obj\usbd_req.o
                0x08010164                USBD_GetString
 .text.USBD_GetLen
                0x080101e0       0x30 ..\obj\usbd_req.o
 .text.NVIC_SetPriority
                0x08010210       0x58 ..\obj\port.o
 .text.SysTick_Config
                0x08010268       0x54 ..\obj\port.o
 .text.No_Configuration
                0x080102bc       0x14 ..\obj\port.o
                0x080102bc                No_Configuration
 .text.portGetTickCnt
                0x080102d0       0x18 ..\obj\port.o
                0x080102d0                portGetTickCnt
 .text.SysTick_Configuration
                0x080102e8       0x3c ..\obj\port.o
                0x080102e8                SysTick_Configuration
 .text.NVIC_DisableDECAIRQ
                0x08010324       0x28 ..\obj\port.o
                0x08010324                NVIC_DisableDECAIRQ
 .text.NVIC_Configuration
                0x0801034c       0x6c ..\obj\port.o
                0x0801034c                NVIC_Configuration
 .text.EXTI_GetITEnStatus
                0x080103b8       0x40 ..\obj\port.o
                0x080103b8                EXTI_GetITEnStatus
 .text.RCC_Configuration
                0x080103f8       0xd4 ..\obj\port.o
                0x080103f8                RCC_Configuration
 .text.USART_Configuration
                0x080104cc       0x10 ..\obj\port.o
                0x080104cc                USART_Configuration
 .text.SPI_ConfigFastRate
                0x080104dc       0x64 ..\obj\port.o
                0x080104dc                SPI_ConfigFastRate
 .text.SPI_Configuration
                0x08010540       0xd0 ..\obj\port.o
                0x08010540                SPI_Configuration
 .text.SPI2_Configuration
                0x08010610      0x114 ..\obj\port.o
                0x08010610                SPI2_Configuration
 .text.GPIO_Configuration
                0x08010724       0xe0 ..\obj\port.o
                0x08010724                GPIO_Configuration
 .text.reset_DW1000
                0x08010804       0x5c ..\obj\port.o
                0x08010804                reset_DW1000
 .text.setup_DW1000RSTnIRQ
                0x08010860       0xac ..\obj\port.o
                0x08010860                setup_DW1000RSTnIRQ
 .text.is_button_low
                0x0801090c       0x30 ..\obj\port.o
                0x0801090c                is_button_low
 .text.is_switch_on
                0x0801093c       0x34 ..\obj\port.o
                0x0801093c                is_switch_on
 .text.led_off  0x08010970       0x8c ..\obj\port.o
                0x08010970                led_off
 .text.led_on   0x080109fc       0x8c ..\obj\port.o
                0x080109fc                led_on
 .text.peripherals_init
                0x08010a88       0x24 ..\obj\port.o
                0x08010a88                peripherals_init
 .text.spi_peripheral_init
                0x08010aac       0x30 ..\obj\port.o
                0x08010aac                spi_peripheral_init
 .text.USBD_OTG_ISR_Handler
                0x08010adc      0x15c ..\obj\usb_dcd_int.o
                0x08010adc                USBD_OTG_ISR_Handler
 .text.DCD_HandleResume_ISR
                0x08010c38       0x80 ..\obj\usb_dcd_int.o
 .text.DCD_HandleUSBSuspend_ISR
                0x08010cb8       0xc4 ..\obj\usb_dcd_int.o
 .text.DCD_HandleInEP_ISR
                0x08010d7c      0x19c ..\obj\usb_dcd_int.o
 .text.DCD_HandleOutEP_ISR
                0x08010f18      0x158 ..\obj\usb_dcd_int.o
 .text.DCD_HandleSof_ISR
                0x08011070       0x38 ..\obj\usb_dcd_int.o
 .text.DCD_HandleRxStatusQueueLevel_ISR
                0x080110a8      0x104 ..\obj\usb_dcd_int.o
 .text.DCD_WriteEmptyTxFifo
                0x080111ac      0x110 ..\obj\usb_dcd_int.o
 .text.DCD_HandleUsbReset_ISR
                0x080112bc      0x12c ..\obj\usb_dcd_int.o
 .text.DCD_HandleEnumDone_ISR
                0x080113e8       0x78 ..\obj\usb_dcd_int.o
 .text.DCD_IsoINIncomplete_ISR
                0x08011460       0x38 ..\obj\usb_dcd_int.o
 .text.DCD_IsoOUTIncomplete_ISR
                0x08011498       0x38 ..\obj\usb_dcd_int.o
 .text.DCD_ReadDevInEP
                0x080114d0       0x50 ..\obj\usb_dcd_int.o
 .text.usbd_cdc_Init
                0x08011520       0x74 ..\obj\usbd_cdc_core.o
 .text.usbd_cdc_DeInit
                0x08011594       0x3c ..\obj\usbd_cdc_core.o
 .text.usbd_cdc_Setup
                0x080115d0      0x150 ..\obj\usbd_cdc_core.o
 .text.usbd_cdc_EP0_RxReady
                0x08011720       0x58 ..\obj\usbd_cdc_core.o
 .text.usbd_cdc_DataIn
                0x08011778      0x104 ..\obj\usbd_cdc_core.o
 .text.usbd_cdc_DataOut
                0x0801187c       0x58 ..\obj\usbd_cdc_core.o
 .text.usbd_cdc_SOF
                0x080118d4       0x40 ..\obj\usbd_cdc_core.o
 .text.Handle_USBAsynchXfer
                0x08011914      0x180 ..\obj\usbd_cdc_core.o
 .text.USBD_cdc_GetCfgDesc
                0x08011a94       0x28 ..\obj\usbd_cdc_core.o
 .text.NVIC_PriorityGroupConfig
                0x08011abc       0x28 ..\obj\misc.o
                0x08011abc                NVIC_PriorityGroupConfig
 .text.NVIC_Init
                0x08011ae4       0xd0 ..\obj\misc.o
                0x08011ae4                NVIC_Init
 .text.DCD_Init
                0x08011bb4      0x104 ..\obj\usb_dcd.o
                0x08011bb4                DCD_Init
 .text.DCD_EP_Open
                0x08011cb8       0xa0 ..\obj\usb_dcd.o
                0x08011cb8                DCD_EP_Open
 .text.DCD_EP_Close
                0x08011d58       0x74 ..\obj\usb_dcd.o
                0x08011d58                DCD_EP_Close
 .text.DCD_EP_PrepareRx
                0x08011dcc       0x80 ..\obj\usb_dcd.o
                0x08011dcc                DCD_EP_PrepareRx
 .text.DCD_EP_Tx
                0x08011e4c       0x78 ..\obj\usb_dcd.o
                0x08011e4c                DCD_EP_Tx
 .text.DCD_EP_Stall
                0x08011ec4       0x78 ..\obj\usb_dcd.o
                0x08011ec4                DCD_EP_Stall
 .text.DCD_EP_ClrStall
                0x08011f3c       0x78 ..\obj\usb_dcd.o
                0x08011f3c                DCD_EP_ClrStall
 .text.DCD_EP_Flush
                0x08011fb4       0x34 ..\obj\usb_dcd.o
                0x08011fb4                DCD_EP_Flush
 .text.DCD_EP_SetAddress
                0x08011fe8       0x3c ..\obj\usb_dcd.o
                0x08011fe8                DCD_EP_SetAddress
 .text.SPI_I2S_DeInit
                0x08012024       0x78 ..\obj\stm32f10x_spi.o
                0x08012024                SPI_I2S_DeInit
 .text.SPI_Init
                0x0801209c       0x88 ..\obj\stm32f10x_spi.o
                0x0801209c                SPI_Init
 .text.SPI_Cmd  0x08012124       0x40 ..\obj\stm32f10x_spi.o
                0x08012124                SPI_Cmd
 .text.SPI_I2S_SendData
                0x08012164       0x1c ..\obj\stm32f10x_spi.o
                0x08012164                SPI_I2S_SendData
 .text.SPI_I2S_ReceiveData
                0x08012180       0x1c ..\obj\stm32f10x_spi.o
                0x08012180                SPI_I2S_ReceiveData
 .text.SPI_SSOutputCmd
                0x0801219c       0x40 ..\obj\stm32f10x_spi.o
                0x0801219c                SPI_SSOutputCmd
 .text.SPI_I2S_GetFlagStatus
                0x080121dc       0x38 ..\obj\stm32f10x_spi.o
                0x080121dc                SPI_I2S_GetFlagStatus
 .text.USBD_CtlSendData
                0x08012214       0x40 ..\obj\usbd_ioreq.o
                0x08012214                USBD_CtlSendData
 .text.USBD_CtlContinueSendData
                0x08012254       0x28 ..\obj\usbd_ioreq.o
                0x08012254                USBD_CtlContinueSendData
 .text.USBD_CtlPrepareRx
                0x0801227c       0x40 ..\obj\usbd_ioreq.o
                0x0801227c                USBD_CtlPrepareRx
 .text.USBD_CtlContinueRx
                0x080122bc       0x28 ..\obj\usbd_ioreq.o
                0x080122bc                USBD_CtlContinueRx
 .text.USBD_CtlSendStatus
                0x080122e4       0x30 ..\obj\usbd_ioreq.o
                0x080122e4                USBD_CtlSendStatus
 .text.USBD_CtlReceiveStatus
                0x08012314       0x30 ..\obj\usbd_ioreq.o
                0x08012314                USBD_CtlReceiveStatus
 *fill*         0x08012344        0x4 
 .text.dwt_getrangebias
                0x08012348      0x1b0 ..\obj\deca_range_tables.o
                0x08012348                dwt_getrangebias
 .text.USB_OTG_BSP_Init
                0x080124f8       0x78 ..\obj\usb_bsp_evk.o
                0x080124f8                USB_OTG_BSP_Init
 .text.USB_OTG_BSP_EnableInterrupt
                0x08012570       0x30 ..\obj\usb_bsp_evk.o
                0x08012570                USB_OTG_BSP_EnableInterrupt
 .text.USB_OTG_BSP_uDelay
                0x080125a0       0x4c ..\obj\usb_bsp_evk.o
                0x080125a0                USB_OTG_BSP_uDelay
 .text.USB_OTG_BSP_mDelay
                0x080125ec       0x20 ..\obj\usb_bsp_evk.o
                0x080125ec                USB_OTG_BSP_mDelay
 *(.rodata)
 .rodata        0x0801260c       0x80 ..\obj\instance_calib.o
 .rodata        0x0801268c      0x1c4 ..\obj\main.o
 .rodata        0x08012850       0x98 ..\obj\usbd_desc.o
 .rodata        0x080128e8       0x24 ..\obj\syscalls.o
 .rodata        0x0801290c       0x20 c:/users/leo/mentorgraphics/sourcery_codebench_lite_for_arm_eabi/bin/../lib/gcc/arm-none-eabi/4.8.1/../../../../arm-none-eabi/lib/thumb2\libc.a(lib_a-svfprintf.o)
 .rodata        0x0801292c       0x60 c:/users/leo/mentorgraphics/sourcery_codebench_lite_for_arm_eabi/bin/../lib/gcc/arm-none-eabi/4.8.1/../../../../arm-none-eabi/lib/thumb2\libc.a(lib_a-findfp.o)
                0x0801292c                __sf_fake_stderr
                0x0801294c                __sf_fake_stdout
                0x0801296c                __sf_fake_stdin
 *fill*         0x0801298c        0x4 
 .rodata        0x08012990      0x128 c:/users/leo/mentorgraphics/sourcery_codebench_lite_for_arm_eabi/bin/../lib/gcc/arm-none-eabi/4.8.1/../../../../arm-none-eabi/lib/thumb2\libc.a(lib_a-mprec.o)
                0x080129a0                __mprec_tens
                0x08012a68                __mprec_tinytens
                0x08012a90                __mprec_bigtens
 .rodata        0x08012ab8       0x20 c:/users/leo/mentorgraphics/sourcery_codebench_lite_for_arm_eabi/bin/../lib/gcc/arm-none-eabi/4.8.1/../../../../arm-none-eabi/lib/thumb2\libc.a(lib_a-svfiprintf.o)
 *(.rodata*)
 .rodata.rfDelays
                0x08012ad8        0x4 ..\obj\instance_calib.o
                0x08012ad8                rfDelays
 .rodata.rfDelaysTREK
                0x08012adc        0x4 ..\obj\instance_calib.o
                0x08012adc                rfDelaysTREK
 .rodata.txSpectrumConfig
                0x08012ae0       0x60 ..\obj\instance_calib.o
                0x08012ae0                txSpectrumConfig
 .rodata.str1.4
                0x08012b40       0x14 ..\obj\usb.o
 .rodata.chan_idx
                0x08012b54        0x8 ..\obj\deca_params_init.o
                0x08012b54                chan_idx
 .rodata.tx_config
                0x08012b5c       0x18 ..\obj\deca_params_init.o
                0x08012b5c                tx_config
 .rodata.pll2_config
                0x08012b74       0x20 ..\obj\deca_params_init.o
                0x08012b74                pll2_config
 .rodata.pll2calcfg
                0x08012b94        0x1 ..\obj\deca_params_init.o
                0x08012b94                pll2calcfg
 *fill*         0x08012b95        0x3 
 .rodata.rx_config
                0x08012b98        0x4 ..\obj\deca_params_init.o
                0x08012b98                rx_config
 .rodata.agc_config
                0x08012b9c        0x8 ..\obj\deca_params_init.o
                0x08012b9c                agc_config
 .rodata.dwnsSFDlen
                0x08012ba4        0x4 ..\obj\deca_params_init.o
                0x08012ba4                dwnsSFDlen
 .rodata.sftsh  0x08012ba8        0xc ..\obj\deca_params_init.o
                0x08012ba8                sftsh
 .rodata.dtune1
                0x08012bb4        0x4 ..\obj\deca_params_init.o
                0x08012bb4                dtune1
 .rodata.digital_bb_config
                0x08012bb8       0x20 ..\obj\deca_params_init.o
                0x08012bb8                digital_bb_config
 .rodata.lde_replicaCoeff
                0x08012bd8       0x34 ..\obj\deca_params_init.o
                0x08012bd8                lde_replicaCoeff
 .rodata.chan_idxnb
                0x08012c0c        0x8 ..\obj\deca_range_tables.o
                0x08012c0c                chan_idxnb
 .rodata.chan_idxwb
                0x08012c14        0x8 ..\obj\deca_range_tables.o
                0x08012c14                chan_idxwb
 .rodata.range25cm16PRFnb
                0x08012c1c       0x94 ..\obj\deca_range_tables.o
                0x08012c1c                range25cm16PRFnb
 .rodata.range25cm16PRFwb
                0x08012cb0       0x88 ..\obj\deca_range_tables.o
                0x08012cb0                range25cm16PRFwb
 .rodata.range25cm64PRFnb
                0x08012d38       0x68 ..\obj\deca_range_tables.o
                0x08012d38                range25cm64PRFnb
 .rodata.range25cm64PRFwb
                0x08012da0       0x78 ..\obj\deca_range_tables.o
                0x08012da0                range25cm64PRFwb
 .rodata.str1.4
                0x08012e18        0x2 c:/users/leo/mentorgraphics/sourcery_codebench_lite_for_arm_eabi/bin/../lib/gcc/arm-none-eabi/4.8.1/../../../../arm-none-eabi/lib/thumb2\libc.a(lib_a-impure.o)
                                  0x4 (size before relaxing)
 *fill*         0x08012e1a        0x2 
 .rodata.str1.4
                0x08012e1c       0x42 c:/users/leo/mentorgraphics/sourcery_codebench_lite_for_arm_eabi/bin/../lib/gcc/arm-none-eabi/4.8.1/../../../../arm-none-eabi/lib/thumb2\libc.a(lib_a-svfprintf.o)
                                 0x44 (size before relaxing)
 *fill*         0x08012e5e        0x2 
 .rodata.str1.4
                0x08012e60       0x10 c:/users/leo/mentorgraphics/sourcery_codebench_lite_for_arm_eabi/bin/../lib/gcc/arm-none-eabi/4.8.1/../../../../arm-none-eabi/lib/thumb2\libc.a(lib_a-dtoa.o)
                                 0x14 (size before relaxing)
 .rodata.str1.4
                0x08012e70        0xc c:/users/leo/mentorgraphics/sourcery_codebench_lite_for_arm_eabi/bin/../lib/gcc/arm-none-eabi/4.8.1/../../../../arm-none-eabi/lib/thumb2\libc.a(lib_a-locale.o)
                                 0x14 (size before relaxing)
 .rodata.str1.4
                0x00000000       0x30 c:/users/leo/mentorgraphics/sourcery_codebench_lite_for_arm_eabi/bin/../lib/gcc/arm-none-eabi/4.8.1/../../../../arm-none-eabi/lib/thumb2\libc.a(lib_a-svfiprintf.o)
 *(.glue_7)
 .glue_7        0x00000000        0x0 linker stubs
 *(.glue_7t)
 .glue_7t       0x00000000        0x0 linker stubs
 *(.eh_frame)
 .eh_frame      0x08012e7c        0x0 c:/users/leo/mentorgraphics/sourcery_codebench_lite_for_arm_eabi/bin/../lib/gcc/arm-none-eabi/4.8.1/thumb2/crtbegin.o
 *(.init)
 .init          0x08012e7c        0x4 c:/users/leo/mentorgraphics/sourcery_codebench_lite_for_arm_eabi/bin/../lib/gcc/arm-none-eabi/4.8.1/thumb2/crti.o
                0x08012e7c                _init
 .init          0x08012e80        0x8 c:/users/leo/mentorgraphics/sourcery_codebench_lite_for_arm_eabi/bin/../lib/gcc/arm-none-eabi/4.8.1/thumb2/crtn.o
 *(.fini)
 .fini          0x08012e88        0x4 c:/users/leo/mentorgraphics/sourcery_codebench_lite_for_arm_eabi/bin/../lib/gcc/arm-none-eabi/4.8.1/thumb2/crti.o
                0x08012e88                _fini
 .fini          0x08012e8c        0x8 c:/users/leo/mentorgraphics/sourcery_codebench_lite_for_arm_eabi/bin/../lib/gcc/arm-none-eabi/4.8.1/thumb2/crtn.o
                0x08012e94                . = ALIGN (0x4)
                0x08012e94                _etext = .

.vfp11_veneer   0x08012e94        0x0
 .vfp11_veneer  0x00000000        0x0 linker stubs

.v4_bx          0x08012e94        0x0
 .v4_bx         0x00000000        0x0 linker stubs

.iplt           0x08012e94        0x0
 .iplt          0x00000000        0x0 c:/users/leo/mentorgraphics/sourcery_codebench_lite_for_arm_eabi/bin/../lib/gcc/arm-none-eabi/4.8.1/thumb2/crtbegin.o

.ARM.extab
 *(.ARM.extab* .gnu.linkonce.armextab.*)

.ARM            0x08012e94        0x8
                0x08012e94                __exidx_start = .
 *(.ARM.exidx*)
 .ARM.exidx     0x08012e94        0x8 c:/users/leo/mentorgraphics/sourcery_codebench_lite_for_arm_eabi/bin/../lib/gcc/arm-none-eabi/4.8.1/thumb2\libgcc.a(_divdi3.o)
 .ARM.exidx     0x08012e9c        0x0 c:/users/leo/mentorgraphics/sourcery_codebench_lite_for_arm_eabi/bin/../lib/gcc/arm-none-eabi/4.8.1/thumb2\libgcc.a(_udivdi3.o)
                                  0x8 (size before relaxing)
                0x08012e9c                __exidx_end = .

.rel.dyn        0x08012e9c        0x0
 .rel.iplt      0x00000000        0x0 c:/users/leo/mentorgraphics/sourcery_codebench_lite_for_arm_eabi/bin/../lib/gcc/arm-none-eabi/4.8.1/thumb2/crtbegin.o

.preinit_array  0x08012e9c        0x0
                0x08012e9c                PROVIDE (__preinit_array_start, .)
 *(.preinit_array*)
                0x08012e9c                PROVIDE (__preinit_array_end, .)

.init_array     0x08012e9c        0x4
                0x08012e9c                PROVIDE (__init_array_start, .)
 *(SORT(.init_array.*))
 *(.init_array*)
 .init_array    0x08012e9c        0x4 c:/users/leo/mentorgraphics/sourcery_codebench_lite_for_arm_eabi/bin/../lib/gcc/arm-none-eabi/4.8.1/thumb2/crtbegin.o
                0x08012ea0                PROVIDE (__init_array_end, .)

.fini_array     0x08012ea0        0x4
                0x08012ea0                PROVIDE (__fini_array_start, .)
 *(.fini_array*)
 .fini_array    0x08012ea0        0x4 c:/users/leo/mentorgraphics/sourcery_codebench_lite_for_arm_eabi/bin/../lib/gcc/arm-none-eabi/4.8.1/thumb2/crtbegin.o
 *(SORT(.fini_array.*))
                0x08012ea4                PROVIDE (__fini_array_end, .)
                0x08012ea4                _sidata = .

.data           0x20000000      0x6d8 load address 0x08012ea4
                0x20000000                . = ALIGN (0x4)
                0x20000000                _sdata = .
 *(.data)
 .data          0x20000000       0xf4 c:/users/leo/mentorgraphics/sourcery_codebench_lite_for_arm_eabi/bin/../lib/gcc/arm-none-eabi/4.8.1/../../../../arm-none-eabi/lib/thumb2\libc.a(lib_a-impure.o)
                0x20000000                _impure_ptr
 .data          0x200000f4       0x7c c:/users/leo/mentorgraphics/sourcery_codebench_lite_for_arm_eabi/bin/../lib/gcc/arm-none-eabi/4.8.1/../../../../arm-none-eabi/lib/thumb2\libc.a(lib_a-locale.o)
                0x20000114                __mb_cur_max
 .data          0x20000170      0x410 c:/users/leo/mentorgraphics/sourcery_codebench_lite_for_arm_eabi/bin/../lib/gcc/arm-none-eabi/4.8.1/../../../../arm-none-eabi/lib/thumb2\libc.a(lib_a-mallocr.o)
                0x20000170                __malloc_av_
                0x20000578                __malloc_sbrk_base
                0x2000057c                __malloc_trim_threshold
 *(.data*)
 .data.USR_cb   0x20000580       0x1c ..\obj\usbd_usr.o
                0x20000580                USR_cb
 .data.SystemCoreClock
                0x2000059c        0x4 ..\obj\system_stm32f10x.o
                0x2000059c                SystemCoreClock
 .data.USBD_DCD_INT_cb
                0x200005a0       0x2c ..\obj\usbd_core.o
                0x200005a0                USBD_DCD_INT_cb
 .data.USBD_DCD_INT_fops
                0x200005cc        0x4 ..\obj\usbd_core.o
                0x200005cc                USBD_DCD_INT_fops
 .data.instance_mode
                0x200005d0        0x4 ..\obj\main.o
                0x200005d0                instance_mode
 .data.chConfig
                0x200005d4       0x28 ..\obj\main.o
                0x200005d4                chConfig
 .data.localSPIspeed
                0x200005fc        0x4 ..\obj\usb.o
                0x200005fc                localSPIspeed
 .data.APBAHBPrescTable
                0x20000600       0x10 ..\obj\stm32f10x_rcc.o
 .data.ADCPrescTable
                0x20000610        0x4 ..\obj\stm32f10x_rcc.o
 .data.USR_desc
                0x20000614       0x1c ..\obj\usbd_desc.o
                0x20000614                USR_desc
 .data.USBD_DeviceDesc
                0x20000630       0x14 ..\obj\usbd_desc.o
                0x20000630                USBD_DeviceDesc
 .data.USBD_LangIDDesc
                0x20000644        0x4 ..\obj\usbd_desc.o
                0x20000644                USBD_LangIDDesc
 .data.linecoding
                0x20000648        0x8 ..\obj\usbd_cdc_vcp.o
                0x20000648                linecoding
 .data.VCP_fops
                0x20000650       0x14 ..\obj\usbd_cdc_vcp.o
                0x20000650                VCP_fops
 .data.usbd_cdc_CfgDesc
                0x20000664       0x44 ..\obj\usbd_cdc_core.o
                0x20000664                usbd_cdc_CfgDesc
 .data.cdcCmd   0x200006a8        0x4 ..\obj\usbd_cdc_core.o
 .data.USBD_CDC_cb
                0x200006ac       0x2c ..\obj\usbd_cdc_core.o
                0x200006ac                USBD_CDC_cb
                0x200006d8                . = ALIGN (0x4)
                0x200006d8                _edata = .

.jcr            0x200006d8        0x0 load address 0x0801357c
 .jcr           0x200006d8        0x0 c:/users/leo/mentorgraphics/sourcery_codebench_lite_for_arm_eabi/bin/../lib/gcc/arm-none-eabi/4.8.1/thumb2/crtbegin.o

.tm_clone_table
                0x200006d8        0x0 load address 0x0801357c
 .tm_clone_table
                0x200006d8        0x0 c:/users/leo/mentorgraphics/sourcery_codebench_lite_for_arm_eabi/bin/../lib/gcc/arm-none-eabi/4.8.1/thumb2/crtbegin.o
 .tm_clone_table
                0x200006d8        0x0 c:/users/leo/mentorgraphics/sourcery_codebench_lite_for_arm_eabi/bin/../lib/gcc/arm-none-eabi/4.8.1/thumb2/crtend.o

.igot.plt       0x200006d8        0x0 load address 0x0801357c
 .igot.plt      0x00000000        0x0 c:/users/leo/mentorgraphics/sourcery_codebench_lite_for_arm_eabi/bin/../lib/gcc/arm-none-eabi/4.8.1/thumb2/crtbegin.o
                0x200006d8                . = ALIGN (0x4)

.bss            0x200006d8     0x70fc load address 0x08013580
                0x200006d8                _sbss = .
                0x200006d8                __bss_start__ = _sbss
 *(.bss)
 .bss           0x200006d8       0x1c c:/users/leo/mentorgraphics/sourcery_codebench_lite_for_arm_eabi/bin/../lib/gcc/arm-none-eabi/4.8.1/thumb2/crtbegin.o
 .bss           0x200006f4       0x34 c:/users/leo/mentorgraphics/sourcery_codebench_lite_for_arm_eabi/bin/../lib/gcc/arm-none-eabi/4.8.1/../../../../arm-none-eabi/lib/thumb2\libc.a(lib_a-mallocr.o)
                0x200006f4                __malloc_top_pad
                0x200006f8                __malloc_current_mallinfo
                0x20000720                __malloc_max_sbrked_mem
                0x20000724                __malloc_max_total_mem
 *(.bss*)
 .bss.inst_idist
                0x20000728        0x8 ..\obj\instance_common.o
                0x20000728                inst_idist
 .bss.inst_idistraw
                0x20000730        0x8 ..\obj\instance_common.o
                0x20000730                inst_idistraw
 .bss.dw1000local
                0x20000738       0x90 ..\obj\deca_device.o
 .bss.s1switch  0x200007c8        0x1 ..\obj\main.o
                0x200007c8                s1switch
 *fill*         0x200007c9        0x3 
 .bss.instance_anchaddr
                0x200007cc        0x4 ..\obj\main.o
                0x200007cc                instance_anchaddr
 .bss.dr_mode   0x200007d0        0x4 ..\obj\main.o
                0x200007d0                dr_mode
 .bss.application_mode
                0x200007d4        0x4 ..\obj\usb.o
                0x200007d4                application_mode
 .bss.local_buff_length
                0x200007d8        0x4 ..\obj\usb.o
                0x200007d8                local_buff_length
 .bss.local_buff_offset
                0x200007dc        0x2 ..\obj\usb.o
                0x200007dc                local_buff_offset
 *fill*         0x200007de        0x2 
 .bss.tx_buff_length
                0x200007e0        0x4 ..\obj\usb.o
                0x200007e0                tx_buff_length
 .bss.local_have_data
                0x200007e4        0x4 ..\obj\usb.o
                0x200007e4                local_have_data
 .bss.i         0x200007e8        0x4 ..\obj\usb.o
 .bss.heap_end.8840
                0x200007ec        0x4 ..\obj\syscalls.o
 .bss.USBD_ep_status
                0x200007f0        0x4 ..\obj\usbd_req.o
                0x200007f0                USBD_ep_status
 .bss.USBD_default_cfg
                0x200007f4        0x4 ..\obj\usbd_req.o
                0x200007f4                USBD_default_cfg
 .bss.USBD_cfg_status
                0x200007f8        0x4 ..\obj\usbd_req.o
                0x200007f8                USBD_cfg_status
 .bss.cfgidx.7609
                0x200007fc        0x1 ..\obj\usbd_req.o
 *fill*         0x200007fd        0x3 
 .bss.usbd_cdc_AltSet
                0x20000800        0x4 ..\obj\usbd_cdc_core.o
 .bss.APP_Rx_ptr_in
                0x20000804        0x4 ..\obj\usbd_cdc_core.o
                0x20000804                APP_Rx_ptr_in
 .bss.APP_Rx_ptr_out
                0x20000808        0x4 ..\obj\usbd_cdc_core.o
                0x20000808                APP_Rx_ptr_out
 .bss.APP_Rx_length
                0x2000080c        0x4 ..\obj\usbd_cdc_core.o
                0x2000080c                APP_Rx_length
 .bss.USB_Tx_State
                0x20000810        0x1 ..\obj\usbd_cdc_core.o
                0x20000810                USB_Tx_State
 *fill*         0x20000811        0x3 
 .bss.cdcLen    0x20000814        0x4 ..\obj\usbd_cdc_core.o
 .bss.FrameCount.7602
                0x20000818        0x4 ..\obj\usbd_cdc_core.o
 *(COMMON)
 *fill*         0x2000081c        0x4 
 COMMON         0x20000820      0x950 ..\obj\instance_common.o
                0x20000820                dw_event_g
                0x200008c0                instance_data
 COMMON         0x20001170        0x4 ..\obj\usbd_core.o
                0x20001170                SET_TEST_MODE
 COMMON         0x20001174       0xac ..\obj\main.o
                0x20001174                tagaddr
                0x20001178                dataseq
                0x200011c8                dataseq1
                0x20001218                chan
                0x2000121c                ancaddr
 COMMON         0x20001220     0x5420 ..\obj\usb.o
                0x20001220                s1configswitch
                0x20001224                version
                0x20001228                version_size
                0x2000122c                tx_buff
                0x2000393c                USB_OTG_dev
                0x20003f30                local_buff
 COMMON         0x20006640        0x4 ..\obj\stm32f10x_it.o
                0x20006640                time32_incr
 COMMON         0x20006644       0xff ..\obj\usbd_req.o
                0x20006644                USBD_StrDesc
 *fill*         0x20006743        0x1 
 COMMON         0x20006744     0x108c ..\obj\usbd_cdc_core.o
                0x20006744                usbd_cdc_OtherCfgDesc
                0x20006788                USB_Rx_Buffer
                0x200067c8                CmdBuff
                0x200067d0                APP_Rx_Buffer
 COMMON         0x200077d0        0x4 c:/users/leo/mentorgraphics/sourcery_codebench_lite_for_arm_eabi/bin/../lib/gcc/arm-none-eabi/4.8.1/../../../../arm-none-eabi/lib/thumb2\libc.a(lib_a-reent.o)
                0x200077d0                errno
                0x200077d4                . = ALIGN (0x4)
                0x200077d4                _ebss = .
                0x200077d4                __bss_end__ = _ebss
                0x200077d4                PROVIDE (end, _ebss)
                0x200077d4                PROVIDE (_end, _ebss)

._user_heap_stack
                0x200077d4      0x800 load address 0x0801a67c
                0x200077d4                . = ALIGN (0x4)
                0x200077d4                _user_heap_start = .
                0x20007bd4                . = (. + _Min_Heap_Size)
 *fill*         0x200077d4      0x400 
                0x20007bd4                _user_heap_end = .
                0x20007fd4                . = (. + _Min_Stack_Size)
 *fill*         0x20007bd4      0x400 
                0x20007fd4                . = ALIGN (0x4)
                0x200077d4                PROVIDE (heap_start, _user_heap_start)
                0x200077d4                PROVIDE (_heap_start, _user_heap_start)
                0x20007bd4                PROVIDE (heap_end, _user_heap_end)
                0x20007bd4                PROVIDE (_heap_end, _user_heap_end)

.memory_b1_text
 *(.mb1text)
 *(.mb1text*)
 *(.mb1rodata)
 *(.mb1rodata*)

/DISCARD/
 libc.a(*)
 libm.a(*)
 libgcc.a(*)

.ARM.attributes
                0x00000000       0x27
 *(.ARM.attributes)
 .ARM.attributes
                0x00000000       0x19 c:/users/leo/mentorgraphics/sourcery_codebench_lite_for_arm_eabi/bin/../lib/gcc/arm-none-eabi/4.8.1/thumb2/crti.o
 .ARM.attributes
                0x00000019       0x29 c:/users/leo/mentorgraphics/sourcery_codebench_lite_for_arm_eabi/bin/../lib/gcc/arm-none-eabi/4.8.1/thumb2/crtbegin.o
 .ARM.attributes
                0x00000042       0x33 ..\obj\stm32f10x_rtc.o
 .ARM.attributes
                0x00000075       0x33 ..\obj\usb_core.o
 .ARM.attributes
                0x000000a8       0x33 ..\obj\instance_common.o
 .ARM.attributes
                0x000000db       0x33 ..\obj\unistd.o
 .ARM.attributes
                0x0000010e       0x33 ..\obj\core_cm3.o
 .ARM.attributes
                0x00000141       0x33 ..\obj\usbd_usr.o
 .ARM.attributes
                0x00000174       0x33 ..\obj\instance_calib.o
 .ARM.attributes
                0x000001a7       0x33 ..\obj\system_stm32f10x.o
 .ARM.attributes
                0x000001da       0x33 ..\obj\deca_device.o
 .ARM.attributes
                0x0000020d       0x33 ..\obj\deca_spi.o
 .ARM.attributes
                0x00000240       0x33 ..\obj\stm32f10x_gpio.o
 .ARM.attributes
                0x00000273       0x33 ..\obj\usbd_core.o
 .ARM.attributes
                0x000002a6       0x33 ..\obj\main.o
 .ARM.attributes
                0x000002d9       0x33 ..\obj\usb.o
 .ARM.attributes
                0x0000030c       0x33 ..\obj\stm32f10x_rcc.o
 .ARM.attributes
                0x0000033f       0x21 ..\obj\startup_stm32f10x_cl.o
 .ARM.attributes
                0x00000360       0x33 ..\obj\instance.o
 .ARM.attributes
                0x00000393       0x33 ..\obj\stm32f10x_exti.o
 .ARM.attributes
                0x000003c6       0x33 ..\obj\usbd_desc.o
 .ARM.attributes
                0x000003f9       0x33 ..\obj\deca_mutex.o
 .ARM.attributes
                0x0000042c       0x33 ..\obj\usbd_cdc_vcp.o
 .ARM.attributes
                0x0000045f       0x33 ..\obj\syscalls.o
 .ARM.attributes
                0x00000492       0x33 ..\obj\stm32f10x_flash.o
 .ARM.attributes
                0x000004c5       0x33 ..\obj\stm32f10x_it.o
 .ARM.attributes
                0x000004f8       0x33 ..\obj\usbd_req.o
 .ARM.attributes
                0x0000052b       0x33 ..\obj\port.o
 .ARM.attributes
                0x0000055e       0x33 ..\obj\usb_dcd_int.o
 .ARM.attributes
                0x00000591       0x33 ..\obj\usbd_cdc_core.o
 .ARM.attributes
                0x000005c4       0x33 ..\obj\misc.o
 .ARM.attributes
                0x000005f7       0x33 ..\obj\usb_dcd.o
 .ARM.attributes
                0x0000062a       0x33 ..\obj\stm32f10x_spi.o
 .ARM.attributes
                0x0000065d       0x33 ..\obj\deca_params_init.o
 .ARM.attributes
                0x00000690       0x33 ..\obj\usbd_ioreq.o
 .ARM.attributes
                0x000006c3       0x33 ..\obj\deca_range_tables.o
 .ARM.attributes
                0x000006f6       0x33 ..\obj\usb_bsp_evk.o
 .ARM.attributes
                0x00000729       0x29 c:/users/leo/mentorgraphics/sourcery_codebench_lite_for_arm_eabi/bin/../lib/gcc/arm-none-eabi/4.8.1/../../../../arm-none-eabi/lib/thumb2\libm.a(lib_a-s_ceil.o)
 .ARM.attributes
                0x00000752       0x19 c:/users/leo/mentorgraphics/sourcery_codebench_lite_for_arm_eabi/bin/../lib/gcc/arm-none-eabi/4.8.1/thumb2\libgcc.a(_arm_addsubdf3.o)
 .ARM.attributes
                0x0000076b       0x19 c:/users/leo/mentorgraphics/sourcery_codebench_lite_for_arm_eabi/bin/../lib/gcc/arm-none-eabi/4.8.1/thumb2\libgcc.a(_arm_muldivdf3.o)
 .ARM.attributes
                0x00000784       0x19 c:/users/leo/mentorgraphics/sourcery_codebench_lite_for_arm_eabi/bin/../lib/gcc/arm-none-eabi/4.8.1/thumb2\libgcc.a(_arm_cmpdf2.o)
 .ARM.attributes
                0x0000079d       0x19 c:/users/leo/mentorgraphics/sourcery_codebench_lite_for_arm_eabi/bin/../lib/gcc/arm-none-eabi/4.8.1/thumb2\libgcc.a(_arm_fixdfsi.o)
 .ARM.attributes
                0x000007b6       0x19 c:/users/leo/mentorgraphics/sourcery_codebench_lite_for_arm_eabi/bin/../lib/gcc/arm-none-eabi/4.8.1/thumb2\libgcc.a(_arm_truncdfsf2.o)
 .ARM.attributes
                0x000007cf       0x19 c:/users/leo/mentorgraphics/sourcery_codebench_lite_for_arm_eabi/bin/../lib/gcc/arm-none-eabi/4.8.1/thumb2\libgcc.a(_arm_addsubsf3.o)
 .ARM.attributes
                0x000007e8       0x19 c:/users/leo/mentorgraphics/sourcery_codebench_lite_for_arm_eabi/bin/../lib/gcc/arm-none-eabi/4.8.1/thumb2\libgcc.a(_arm_muldivsf3.o)
 .ARM.attributes
                0x00000801       0x19 c:/users/leo/mentorgraphics/sourcery_codebench_lite_for_arm_eabi/bin/../lib/gcc/arm-none-eabi/4.8.1/thumb2\libgcc.a(_arm_fixsfsi.o)
 .ARM.attributes
                0x0000081a       0x29 c:/users/leo/mentorgraphics/sourcery_codebench_lite_for_arm_eabi/bin/../lib/gcc/arm-none-eabi/4.8.1/thumb2\libgcc.a(_fixunsdfdi.o)
 .ARM.attributes
                0x00000843       0x19 c:/users/leo/mentorgraphics/sourcery_codebench_lite_for_arm_eabi/bin/../lib/gcc/arm-none-eabi/4.8.1/thumb2\libgcc.a(_arm_fixunsdfsi.o)
 .ARM.attributes
                0x0000085c       0x29 c:/users/leo/mentorgraphics/sourcery_codebench_lite_for_arm_eabi/bin/../lib/gcc/arm-none-eabi/4.8.1/../../../../arm-none-eabi/lib/thumb2\libc.a(lib_a-clock.o)
 .ARM.attributes
                0x00000885       0x29 c:/users/leo/mentorgraphics/sourcery_codebench_lite_for_arm_eabi/bin/../lib/gcc/arm-none-eabi/4.8.1/../../../../arm-none-eabi/lib/thumb2\libc.a(lib_a-impure.o)
 .ARM.attributes
                0x000008ae       0x29 c:/users/leo/mentorgraphics/sourcery_codebench_lite_for_arm_eabi/bin/../lib/gcc/arm-none-eabi/4.8.1/../../../../arm-none-eabi/lib/thumb2\libc.a(lib_a-init.o)
 .ARM.attributes
                0x000008d7       0x29 c:/users/leo/mentorgraphics/sourcery_codebench_lite_for_arm_eabi/bin/../lib/gcc/arm-none-eabi/4.8.1/../../../../arm-none-eabi/lib/thumb2\libc.a(lib_a-memcpy-stub.o)
 .ARM.attributes
                0x00000900       0x29 c:/users/leo/mentorgraphics/sourcery_codebench_lite_for_arm_eabi/bin/../lib/gcc/arm-none-eabi/4.8.1/../../../../arm-none-eabi/lib/thumb2\libc.a(lib_a-memset.o)
 .ARM.attributes
                0x00000929       0x29 c:/users/leo/mentorgraphics/sourcery_codebench_lite_for_arm_eabi/bin/../lib/gcc/arm-none-eabi/4.8.1/../../../../arm-none-eabi/lib/thumb2\libc.a(lib_a-reent.o)
 .ARM.attributes
                0x00000952       0x29 c:/users/leo/mentorgraphics/sourcery_codebench_lite_for_arm_eabi/bin/../lib/gcc/arm-none-eabi/4.8.1/../../../../arm-none-eabi/lib/thumb2\libc.a(lib_a-sprintf.o)
 .ARM.attributes
                0x0000097b       0x29 c:/users/leo/mentorgraphics/sourcery_codebench_lite_for_arm_eabi/bin/../lib/gcc/arm-none-eabi/4.8.1/../../../../arm-none-eabi/lib/thumb2\libc.a(lib_a-strlen.o)
 .ARM.attributes
                0x000009a4       0x29 c:/users/leo/mentorgraphics/sourcery_codebench_lite_for_arm_eabi/bin/../lib/gcc/arm-none-eabi/4.8.1/../../../../arm-none-eabi/lib/thumb2\libc.a(lib_a-svfprintf.o)
 .ARM.attributes
                0x000009cd       0x29 c:/users/leo/mentorgraphics/sourcery_codebench_lite_for_arm_eabi/bin/../lib/gcc/arm-none-eabi/4.8.1/../../../../arm-none-eabi/lib/thumb2\libc.a(lib_a-dtoa.o)
 .ARM.attributes
                0x000009f6       0x29 c:/users/leo/mentorgraphics/sourcery_codebench_lite_for_arm_eabi/bin/../lib/gcc/arm-none-eabi/4.8.1/../../../../arm-none-eabi/lib/thumb2\libc.a(lib_a-findfp.o)
 .ARM.attributes
                0x00000a1f       0x29 c:/users/leo/mentorgraphics/sourcery_codebench_lite_for_arm_eabi/bin/../lib/gcc/arm-none-eabi/4.8.1/../../../../arm-none-eabi/lib/thumb2\libc.a(lib_a-freer.o)
 .ARM.attributes
                0x00000a48       0x29 c:/users/leo/mentorgraphics/sourcery_codebench_lite_for_arm_eabi/bin/../lib/gcc/arm-none-eabi/4.8.1/../../../../arm-none-eabi/lib/thumb2\libc.a(lib_a-locale.o)
 .ARM.attributes
                0x00000a71       0x29 c:/users/leo/mentorgraphics/sourcery_codebench_lite_for_arm_eabi/bin/../lib/gcc/arm-none-eabi/4.8.1/../../../../arm-none-eabi/lib/thumb2\libc.a(lib_a-malloc.o)
 .ARM.attributes
                0x00000a9a       0x29 c:/users/leo/mentorgraphics/sourcery_codebench_lite_for_arm_eabi/bin/../lib/gcc/arm-none-eabi/4.8.1/../../../../arm-none-eabi/lib/thumb2\libc.a(lib_a-mallocr.o)
 .ARM.attributes
                0x00000ac3       0x29 c:/users/leo/mentorgraphics/sourcery_codebench_lite_for_arm_eabi/bin/../lib/gcc/arm-none-eabi/4.8.1/../../../../arm-none-eabi/lib/thumb2\libc.a(lib_a-memchr-stub.o)
 .ARM.attributes
                0x00000aec       0x29 c:/users/leo/mentorgraphics/sourcery_codebench_lite_for_arm_eabi/bin/../lib/gcc/arm-none-eabi/4.8.1/../../../../arm-none-eabi/lib/thumb2\libc.a(lib_a-memmove.o)
 .ARM.attributes
                0x00000b15       0x29 c:/users/leo/mentorgraphics/sourcery_codebench_lite_for_arm_eabi/bin/../lib/gcc/arm-none-eabi/4.8.1/../../../../arm-none-eabi/lib/thumb2\libc.a(lib_a-mlock.o)
 .ARM.attributes
                0x00000b3e       0x29 c:/users/leo/mentorgraphics/sourcery_codebench_lite_for_arm_eabi/bin/../lib/gcc/arm-none-eabi/4.8.1/../../../../arm-none-eabi/lib/thumb2\libc.a(lib_a-mprec.o)
 .ARM.attributes
                0x00000b67       0x29 c:/users/leo/mentorgraphics/sourcery_codebench_lite_for_arm_eabi/bin/../lib/gcc/arm-none-eabi/4.8.1/../../../../arm-none-eabi/lib/thumb2\libc.a(lib_a-reallocr.o)
 .ARM.attributes
                0x00000b90       0x29 c:/users/leo/mentorgraphics/sourcery_codebench_lite_for_arm_eabi/bin/../lib/gcc/arm-none-eabi/4.8.1/../../../../arm-none-eabi/lib/thumb2\libc.a(lib_a-s_fpclassify.o)
 .ARM.attributes
                0x00000bb9       0x29 c:/users/leo/mentorgraphics/sourcery_codebench_lite_for_arm_eabi/bin/../lib/gcc/arm-none-eabi/4.8.1/../../../../arm-none-eabi/lib/thumb2\libc.a(lib_a-sbrkr.o)
 .ARM.attributes
                0x00000be2       0x17 c:/users/leo/mentorgraphics/sourcery_codebench_lite_for_arm_eabi/bin/../lib/gcc/arm-none-eabi/4.8.1/../../../../arm-none-eabi/lib/thumb2\libc.a(lib_a-strcmp.o)
 .ARM.attributes
                0x00000bf9       0x29 c:/users/leo/mentorgraphics/sourcery_codebench_lite_for_arm_eabi/bin/../lib/gcc/arm-none-eabi/4.8.1/../../../../arm-none-eabi/lib/thumb2\libc.a(lib_a-svfiprintf.o)
 .ARM.attributes
                0x00000c22       0x29 c:/users/leo/mentorgraphics/sourcery_codebench_lite_for_arm_eabi/bin/../lib/gcc/arm-none-eabi/4.8.1/../../../../arm-none-eabi/lib/thumb2\libc.a(lib_a-callocr.o)
 .ARM.attributes
                0x00000c4b       0x19 c:/users/leo/mentorgraphics/sourcery_codebench_lite_for_arm_eabi/bin/../lib/gcc/arm-none-eabi/4.8.1/thumb2\libgcc.a(_udivsi3.o)
 .ARM.attributes